 Fruit_sfun

 Timestamp is 4fa30717 (Fri May 04 03:30:47 2012)

 Preferred load address is 0000000180000000

 Start         Length     Name                   Class
 0001:00000000 0003b814H .text                   CODE
 0001:0003b820 00000092H .text$x                 CODE
 0002:00000000 00000460H .idata$5                DATA
 0002:00000460 00000008H .CRT$XCA                DATA
 0002:00000468 00000008H .CRT$XCZ                DATA
 0002:00000470 00000008H .CRT$XIA                DATA
 0002:00000478 00000008H .CRT$XIAA               DATA
 0002:00000480 00000008H .CRT$XIZ                DATA
 0002:00000490 00004aecH .rdata                  DATA
 0002:00004f80 00000008H .rtc$IAA                DATA
 0002:00004f88 00000008H .rtc$IZZ                DATA
 0002:00004f90 00000008H .rtc$TAA                DATA
 0002:00004f98 00000008H .rtc$TZZ                DATA
 0002:00004fa0 0000410cH .xdata                  DATA
 0002:000090ac 000000a0H .idata$2                DATA
 0002:0000914c 00000014H .idata$3                DATA
 0002:00009160 00000460H .idata$4                DATA
 0002:000095c0 00000a00H .idata$6                DATA
 0002:00009fc0 00000050H .edata                  DATA
 0003:00000000 00002b18H .data                   DATA
 0003:00002b20 02087698H .bss                    DATA
 0004:00000000 00003180H .pdata                  DATA

  Address         Publics by Value              Rva+Base               Lib:Object

 0000:00000000       ___safe_se_handler_table   0000000000000000     <absolute>
 0000:00000000       ___safe_se_handler_count   0000000000000000     <absolute>
 0000:00000000       __ImageBase                0000000180000000     <linker-defined>
 0001:00000000       sf_c2_Fruit_get_eml_resolved_functions_info 0000000180001000 f   c2_Fruit.obj
 0001:000014d0       sf_c2_Fruit_get_check_sum  00000001800024d0 f   c2_Fruit.obj
 0001:00001550       sf_c2_Fruit_get_autoinheritance_info 0000000180002550 f   c2_Fruit.obj
 0001:00001dd0       sf_internal_get_sim_state_c2_Fruit 0000000180002dd0 f   c2_Fruit.obj
 0001:00002340       sf_internal_set_sim_state_c2_Fruit 0000000180003340 f   c2_Fruit.obj
 0001:000028d0       c2_Fruit_method_dispatcher 00000001800038d0 f   c2_Fruit.obj
 0001:00009440       sf_process_check_sum_call  000000018000a440 f   Fruit_sfun_registry.obj
 0001:00009490       sf_process_autoinheritance_call 000000018000a490 f   Fruit_sfun_registry.obj
 0001:00009610       sf_process_get_eml_resolved_functions_info_call 000000018000a610 f   Fruit_sfun_registry.obj
 0001:00009790       sf_mex_unlock_call         000000018000a790 f   Fruit_sfun_registry.obj
 0001:00009840       sf_machine_global_initializer_called 000000018000a840 f   Fruit_sfun_registry.obj
 0001:00009870       sf_machine_global_method_dispatcher 000000018000a870 f   Fruit_sfun_registry.obj
 0001:000098d0       sf_machine_global_terminator 000000018000a8d0 f   Fruit_sfun_registry.obj
 0001:00009910       sf_register_machine_exported_symbols 000000018000a910 f   Fruit_sfun_registry.obj
 0001:00009930       callCustomFcn              000000018000a930 f   Fruit_sfun_registry.obj
 0001:00009940       sf_machine_global_initializer 000000018000a940 f   Fruit_sfun_registry.obj
 0001:000099b0       _ssSetStateAbsTol          000000018000a9b0 f   Fruit_sfun_registry.obj
 0001:00009a90       _ssGetAbsTol               000000018000aa90 f   Fruit_sfun_registry.obj
 0001:00009b00       _ssSetInputPortMatrixDimensions 000000018000ab00 f   Fruit_sfun_registry.obj
 0001:00009c10       _ssSetOutputPortMatrixDimensions 000000018000ac10 f   Fruit_sfun_registry.obj
 0001:00009d20       _ssSetInputPortVectorDimension 000000018000ad20 f   Fruit_sfun_registry.obj
 0001:00009df0       _ssSetOutputPortVectorDimension 000000018000adf0 f   Fruit_sfun_registry.obj
 0001:00009ec0       ssIsRunTimeParamTunable    000000018000aec0 f   Fruit_sfun_registry.obj
 0001:00009f30       ssGetSFuncBlockHandle      000000018000af30 f   Fruit_sfun_registry.obj
 0001:00009fa0       _ssGetCurrentInputPortWidth 000000018000afa0 f   Fruit_sfun_registry.obj
 0001:0000a0c0       _ssGetCurrentOutputPortWidth 000000018000b0c0 f   Fruit_sfun_registry.obj
 0001:0000a1e0       _ssGetCallSystemNumFcnCallDestinations 000000018000b1e0 f   Fruit_sfun_registry.obj
 0001:0000a250       ssWarning                  000000018000b250 f   Fruit_sfun_registry.obj
 0001:0000a360       ssGetIsZeroCrossControlDisabled 000000018000b360 f   Fruit_sfun_registry.obj
 0001:0000a3d0       ssSetIsInputPortUsedForContZcSignal 000000018000b3d0 f   Fruit_sfun_registry.obj
 0001:0000a440       ssSetZcSignalIsZcElementDisc 000000018000b440 f   Fruit_sfun_registry.obj
 0001:0000a4f0       ssSetZcSignalName          000000018000b4f0 f   Fruit_sfun_registry.obj
 0001:0000a560       ssSetZcSignalWidth         000000018000b560 f   Fruit_sfun_registry.obj
 0001:0000a5d0       ssSetZcSignalZcEventType   000000018000b5d0 f   Fruit_sfun_registry.obj
 0001:0000a640       ssSetZcSignalType          000000018000b640 f   Fruit_sfun_registry.obj
 0001:0000a6b0       ssSetZcSignalZcTol         000000018000b6b0 f   Fruit_sfun_registry.obj
 0001:0000a720       ssSetZcSignalNeedsEventNotification 000000018000b720 f   Fruit_sfun_registry.obj
 0001:0000a790       ssCreateAndAddZcSignalInfo 000000018000b790 f   Fruit_sfun_registry.obj
 0001:0000a800       ssCloneAndAddZcSignalInfo  000000018000b800 f   Fruit_sfun_registry.obj
 0001:0000a870       ssGetNumZcSignals          000000018000b870 f   Fruit_sfun_registry.obj
 0001:0000a8e0       ssGetZcSignalVector        000000018000b8e0 f   Fruit_sfun_registry.obj
 0001:0000a950       ssGetZcSignalZcEvents      000000018000b950 f   Fruit_sfun_registry.obj
 0001:0000a9c0       ssGetZcSignalName          000000018000b9c0 f   Fruit_sfun_registry.obj
 0001:0000aa30       ssGetZcSignalWidth         000000018000ba30 f   Fruit_sfun_registry.obj
 0001:0000aaa0       ssGetZcSignalZcEventType   000000018000baa0 f   Fruit_sfun_registry.obj
 0001:0000ab10       ssGetZcSignalType          000000018000bb10 f   Fruit_sfun_registry.obj
 0001:0000ab80       ssGetZcSignalZcTol         000000018000bb80 f   Fruit_sfun_registry.obj
 0001:0000ac00       ssGetZcSignalNeedsEventNotification 000000018000bc00 f   Fruit_sfun_registry.obj
 0001:0000ac70       ssGetZcSignalIsZcElementDisc 000000018000bc70 f   Fruit_sfun_registry.obj
 0001:0000ad10       ssGetIsInputPortElementContinuous 000000018000bd10 f   Fruit_sfun_registry.obj
 0001:0000adb0       _ssGetInputPortSignalPtrsFcn 000000018000bdb0 f   Fruit_sfun_registry.obj
 0001:0000b070       _ssGetInputPortSignalFcn   000000018000c070 f   Fruit_sfun_registry.obj
 0001:0000b290       _ssSetInputPortDirectFeedThroughFcn 000000018000c290 f   Fruit_sfun_registry.obj
 0001:0000b3f0       _ssSetInputPortReusableFcn 000000018000c3f0 f   Fruit_sfun_registry.obj
 0001:0000b4e0       _ssSetOutputPortReusableFcn 000000018000c4e0 f   Fruit_sfun_registry.obj
 0001:0000b5c0       ssGetDTypeIdFromMxArray    000000018000c5c0 f   Fruit_sfun_registry.obj
 0001:0000b6e0       ssWriteRTWStr              000000018000c6e0 f   Fruit_sfun_registry.obj
 0001:0000b740       ssWriteRTWMxVectParam      000000018000c740 f   Fruit_sfun_registry.obj
 0001:0000b7a0       ssWriteRTWMx2dMatParam     000000018000c7a0 f   Fruit_sfun_registry.obj
 0001:0000b820       ssWriteRTWNameValuePair    000000018000c820 f   Fruit_sfun_registry.obj
 0001:0000bd10       ssWriteRTWParameters       000000018000cd10 f   Fruit_sfun_registry.obj
 0001:0000c310       ssWriteRTWParamSettings    000000018000d310 f   Fruit_sfun_registry.obj
 0001:0000c9e0       ssWriteRTWWorkVect         000000018000d9e0 f   Fruit_sfun_registry.obj
 0001:0000cee0       mexFunction                000000018000dee0 f   Fruit_sfun_registry.obj
 0001:0000eb20       ProcessMexSfunctionEveryCall 000000018000fb20 f   Fruit_sfun_registry.obj
 0001:0000ec90       Fruit_initializer          000000018000fc90 f   Fruit_sfun.obj
 0001:0000eca0       Fruit_terminator           000000018000fca0 f   Fruit_sfun.obj
 0001:0000ecb0       sf_Fruit_method_dispatcher 000000018000fcb0 f   Fruit_sfun.obj
 0001:0000ed00       sf_Fruit_process_check_sum_call 000000018000fd00 f   Fruit_sfun.obj
 0001:0000f110       sf_Fruit_autoinheritance_info 0000000180010110 f   Fruit_sfun.obj
 0001:0000f210       sf_Fruit_get_eml_resolved_functions_info 0000000180010210 f   Fruit_sfun.obj
 0001:0000f340       Fruit_debug_initialize     0000000180010340 f   Fruit_sfun.obj
 0001:0000f3b0       Fruit_register_exported_symbols 00000001800103b0 f   Fruit_sfun.obj
 0001:0000f460       sf_mex_mx_is_numeric       0000000180010460 f   sfc_mex:sfc_mex.obj
 0001:0000f4a0       strcmp_ignore_ws           00000001800104a0 f   sfc_mex:sfc_mex.obj
 0001:0000f5e0       sf_mex_duplicatearraysafe  00000001800105e0 f   sfc_mex:sfc_mex.obj
 0001:0000f740       sf_set_error_debugger_context_message_fcn 0000000180010740 f   sfc_mex:sfc_mex.obj
 0001:0000f750       sf_set_debugger_matlab_error_fcn 0000000180010750 f   sfc_mex:sfc_mex.obj
 0001:0000f780       sf_set_error_prefix_string 0000000180010780 f   sfc_mex:sfc_mex.obj
 0001:0000f7b0       sf_get_error_prefix_string 00000001800107b0 f   sfc_mex:sfc_mex.obj
 0001:0000f7c0       sf_get_current_jmp_buf_ptr 00000001800107c0 f   sfc_mex:sfc_mex.obj
 0001:0000f7d0       sf_set_current_jmp_buf_ptr 00000001800107d0 f   sfc_mex:sfc_mex.obj
 0001:0000f7e0       sf_mex_set_halt_simulation 00000001800107e0 f   sfc_mex:sfc_mex.obj
 0001:0000f7f0       sf_mex_get_halt_simulation 00000001800107f0 f   sfc_mex:sfc_mex.obj
 0001:0000f800       sf_mex_clear_error_message 0000000180010800 f   sfc_mex:sfc_mex.obj
 0001:0000f820       sf_mex_get_error_message_for_read 0000000180010820 f   sfc_mex:sfc_mex.obj
 0001:0000f830       sf_mex_get_error_message_buffer_length 0000000180010830 f   sfc_mex:sfc_mex.obj
 0001:0000f910       sf_mex_warning_message     0000000180010910 f   sfc_mex:sfc_mex.obj
 0001:0000f980       sf_mex_v_errbuf_createf    0000000180010980 f   sfc_mex:sfc_mex.obj
 0001:0000f990       sf_mex_errbuf_createf      0000000180010990 f   sfc_mex:sfc_mex.obj
 0001:0000f9c0       sf_mex_v_errbuf_catf       00000001800109c0 f   sfc_mex:sfc_mex.obj
 0001:0000fa00       sf_mex_errbuf_catf         0000000180010a00 f   sfc_mex:sfc_mex.obj
 0001:0000fa50       sf_mex_errbuf_copy         0000000180010a50 f   sfc_mex:sfc_mex.obj
 0001:0000fa60       sf_mex_errbuf_clear        0000000180010a60 f   sfc_mex:sfc_mex.obj
 0001:0000fa70       sf_mex_errbuf_isempty      0000000180010a70 f   sfc_mex:sfc_mex.obj
 0001:0000fb80       sf_mex_set_error_status    0000000180010b80 f   sfc_mex:sfc_mex.obj
 0001:0000fbd0       sf_mex_error_direct_call   0000000180010bd0 f   sfc_mex:sfc_mex.obj
 0001:0000fbf0       sf_mex_error_message_no_long_jump 0000000180010bf0 f   sfc_mex:sfc_mex.obj
 0001:0000fc10       sf_mex_long_jump_on_error  0000000180010c10 f   sfc_mex:sfc_mex.obj
 0001:0000fc40       sf_mex_call_matlab         0000000180010c40 f   sfc_mex:sfc_mex.obj
 0001:0000fd60       sf_mex_check_builtin       0000000180010d60 f   sfc_mex:sfc_mex.obj
 0001:0000fda0       sf_mex_check_builtin_vs    0000000180010da0 f   sfc_mex:sfc_mex.obj
 0001:0000fe00       sf_mex_check_enum          0000000180010e00 f   sfc_mex:sfc_mex.obj
 0001:0000fe30       sf_mex_create_enum         0000000180010e30 f   sfc_mex:sfc_mex.obj
 0001:0000fe50       sf_mex_get_enum_element    0000000180010e50 f   sfc_mex:sfc_mex.obj
 0001:0000fe60       sf_mex_createcellarray     0000000180010e60 f   sfc_mex:sfc_mex.obj
 0001:0000fe70       sf_mex_setcell             0000000180010e70 f   sfc_mex:sfc_mex.obj
 0001:0000fe80       sf_mex_getcell             0000000180010e80 f   sfc_mex:sfc_mex.obj
 0001:0000fe90       sf_mex_dup                 0000000180010e90 f   sfc_mex:sfc_mex.obj
 0001:0000feb0       sf_mex_assign              0000000180010eb0 f   sfc_mex:sfc_mex.obj
 0001:0000ff10       sf_mex_destroy             0000000180010f10 f   sfc_mex:sfc_mex.obj
 0001:0000ff40       mx_array_has_fi_type       0000000180010f40 f   sfc_mex:sfc_mex.obj
 0001:0000ff70       sf_mex_convert_from_fi     0000000180010f70 f   sfc_mex:sfc_mex.obj
 0001:00010020       sf_mex_convert_to_double   0000000180011020 f   sfc_mex:sfc_mex.obj
 0001:00010140       sf_mex_import_fi_vs        0000000180011140 f   sfc_mex:sfc_mex.obj
 0001:00010300       sf_matrix_matrix_index_ok  0000000180011300 f   sfc_mex:sfc_mex.obj
 0001:00010390       sf_vector_vector_index_ok  0000000180011390 f   sfc_mex:sfc_mex.obj
 0001:000103c0       ssGetCurrentInputPortDimensions_wrapper 00000001800113c0 f   sfc_mex:sfc_mex.obj
 0001:000103e0       ssGetCurrentOutputPortDimensions_wrapper 00000001800113e0 f   sfc_mex:sfc_mex.obj
 0001:00010400       sf_mex_emlrt_context_is_debug_mode 0000000180011400 f   sfc_mex:sfc_mex.obj
 0001:00010410       sf_mex_emlrt_context_set_debug_mode 0000000180011410 f   sfc_mex:sfc_mex.obj
 0001:00010480       sf_clear_error_manager_info 0000000180011480 f   sfc_mex:sfc_mex.obj
 0001:000104d0       sf_mex_stop_simulation_abruptly_wo_error 00000001800114d0 f   sfc_mex:sfc_mex.obj
 0001:00010510       sf_mex_error_message       0000000180011510 f   sfc_mex:sfc_mex.obj
 0001:00010570       sf_react_to_error_in_matlab_call 0000000180011570 f   sfc_mex:sfc_mex.obj
 0001:000105a0       sf_mex_addfield            00000001800115a0 f   sfc_mex:sfc_mex.obj
 0001:00010640       sf_mex_getfield            0000000180011640 f   sfc_mex:sfc_mex.obj
 0001:00010940       sf_mex_check_class         0000000180011940 f   sfc_mex:sfc_mex.obj
 0001:00010a30       sf_mex_is_real             0000000180011a30 f   sfc_mex:sfc_mex.obj
 0001:00010ea0       sf_mex_decode_encoded_mx_struct_array 0000000180011ea0 f   sfc_mex:sfc_mex.obj
 0001:00011180       sf_mex_lw_bounds_check     0000000180012180 f   sfc_mex:sfc_mex.obj
 0001:000111b0       sf_mex_lw_size_eq_check_1d 00000001800121b0 f   sfc_mex:sfc_mex.obj
 0001:000111d0       sf_mex_lw_size_eq_check_nd 00000001800121d0 f   sfc_mex:sfc_mex.obj
 0001:000113b0       sf_mex_lw_dim_size_eq_check 00000001800123b0 f   sfc_mex:sfc_mex.obj
 0001:000113e0       sf_mex_lw_dim_size_geq_check 00000001800123e0 f   sfc_mex:sfc_mex.obj
 0001:00011410       sf_mex_lw_sub_assign_size_check_nd 0000000180012410 f   sfc_mex:sfc_mex.obj
 0001:00011640       sf_mex_lw_runtime_error_msgid 0000000180012640 f   sfc_mex:sfc_mex.obj
 0001:00011730       sf_mex_lw_matrix_matrix_index_check 0000000180012730 f   sfc_mex:sfc_mex.obj
 0001:00011750       sf_mex_lw_vector_vector_index_check 0000000180012750 f   sfc_mex:sfc_mex.obj
 0001:00011790       sf_mex_lw_non_negative_check 0000000180012790 f   sfc_mex:sfc_mex.obj
 0001:000117d0       sf_mex_overflow_error      00000001800127d0 f   sfc_mex:sfc_mex.obj
 0001:000117e0       sf_mex_dividebyzero_error  00000001800127e0 f   sfc_mex:sfc_mex.obj
 0001:000117f0       sf_mex_unsafe_enum_error   00000001800127f0 f   sfc_mex:sfc_mex.obj
 0001:00011800       sf_emlrtErrHandler         0000000180012800 f   sfc_mex:sfc_mex.obj
 0001:000118c0       sf_mex_printf              00000001800128c0 f   sfc_mex:sfc_mex.obj
 0001:00011a50       sf_mex_check_size          0000000180012a50 f   sfc_mex:sfc_mex.obj
 0001:00011d20       sf_mex_check_struct        0000000180012d20 f   sfc_mex:sfc_mex.obj
 0001:00011f80       sf_mex_check_struct_vs     0000000180012f80 f   sfc_mex:sfc_mex.obj
 0001:00012010       sf_mex_check_fi            0000000180013010 f   sfc_mex:sfc_mex.obj
 0001:00012110       sf_mex_check_fi_vs         0000000180013110 f   sfc_mex:sfc_mex.obj
 0001:000121b0       sf_echo_expression         00000001800131b0 f   sfc_mex:sfc_mex.obj
 0001:00012210       sf_assertion_failed        0000000180013210 f   sfc_mex:sfc_mex.obj
 0001:000124f0       sf_mex_evalin              00000001800134f0 f   sfc_mex:sfc_mex.obj
 0001:00012760       sf_mex_export              0000000180013760 f   sfc_mex:sfc_mex.obj
 0001:00012820       sf_mex_get_ml_var_no_error 0000000180013820 f   sfc_mex:sfc_mex.obj
 0001:000129c0       sf_mex_get_ml_var          00000001800139c0 f   sfc_mex:sfc_mex.obj
 0001:00012e60       ml_set_element_value_in_array 0000000180013e60 f   sfc_mex:sfc_mex.obj
 0001:00014530       sf_mex_call_impl           0000000180015530 f   sfc_mex:sfc_mex.obj
 0001:00014a60       sf_mex_call_debug          0000000180015a60 f   sfc_mex:sfc_mex.obj
 0001:00014a90       sf_mex_call                0000000180015a90 f   sfc_mex:sfc_mex.obj
 0001:000150e0       sf_mex_createstruct        00000001800160e0 f   sfc_mex:sfc_mex.obj
 0001:000151d0       sf_mex_createstructarray   00000001800161d0 f   sfc_mex:sfc_mex.obj
 0001:00015250       sf_mex_get_mx_datatype_from_sf_datatype 0000000180016250 f   sfc_mex:sfc_mex.obj
 0001:00015560       sf_mex_ml_var_sub          0000000180016560 f   sfc_mex:sfc_mex.obj
 0001:00015730       sf_mex_ml_var_subsasgn     0000000180016730 f   sfc_mex:sfc_mex.obj
 0001:00015b20       sf_mex_sub                 0000000180016b20 f   sfc_mex:sfc_mex.obj
 0001:00015d20       sf_mex_subsasgn            0000000180016d20 f   sfc_mex:sfc_mex.obj
 0001:00016200       sf_mex_create              0000000180017200 f   sfc_mex:sfc_mex.obj
 0001:00016c50       sf_mex_import_named        0000000180017c50 f   sfc_mex:sfc_mex.obj
 0001:00016cb0       sf_mex_import              0000000180017cb0 f   sfc_mex:sfc_mex.obj
 0001:00016d00       sf_mex_import_vs           0000000180017d00 f   sfc_mex:sfc_mex.obj
 0001:00016e10       sf_mex_lower_fixpt_mx_array 0000000180017e10 f   sfc_mex:sfc_mex.obj
 0001:00017400       sim_mode_is_rtw_gen        0000000180018400 f   sfc_mex:sfc_sf.obj
 0001:00017430       sim_mode_is_external       0000000180018430 f   sfc_mex:sfc_sf.obj
 0001:00017440       sim_mode_is_modelref_sim   0000000180018440 f   sfc_mex:sfc_sf.obj
 0001:00017460       mdlInitializeSizes         0000000180018460 f   sfc_mex:sfc_sf.obj
 0001:00017480       mdlInitializeSampleTimes   0000000180018480 f   sfc_mex:sfc_sf.obj
 0001:000174c0       mdlZeroCrossings           00000001800184c0 f   sfc_mex:sfc_sf.obj
 0001:000175a0       mdlDerivatives             00000001800185a0 f   sfc_mex:sfc_sf.obj
 0001:00017650       mdl_initialize_conditions_processing 0000000180018650 f   sfc_mex:sfc_sf.obj
 0001:00017680       mdlInitializeConditions    0000000180018680 f   sfc_mex:sfc_sf.obj
 0001:00017740       mdlGetSimState             0000000180018740 f   sfc_mex:sfc_sf.obj
 0001:00017750       mdlSetSimState             0000000180018750 f   sfc_mex:sfc_sf.obj
 0001:00017760       mdl_ext_mode_exec_processing 0000000180018760 f   sfc_mex:sfc_sf.obj
 0001:00017780       mdlExtModeExec             0000000180018780 f   sfc_mex:sfc_sf.obj
 0001:00017910       mdlTerminate               0000000180018910 f   sfc_mex:sfc_sf.obj
 0001:00017980       mdlRTW                     0000000180018980 f   sfc_mex:sfc_sf.obj
 0001:000179b0       mdlSetWorkWidths           00000001800189b0 f   sfc_mex:sfc_sf.obj
 0001:000179c0       mdlProcessParameters       00000001800189c0 f   sfc_mex:sfc_sf.obj
 0001:000179d0       mdl_start_processing       00000001800189d0 f   sfc_mex:sfc_sf.obj
 0001:00017a10       mdlStart                   0000000180018a10 f   sfc_mex:sfc_sf.obj
 0001:00017b00       mdlEnable                  0000000180018b00 f   sfc_mex:sfc_sf.obj
 0001:00017bd0       mdlDisable                 0000000180018bd0 f   sfc_mex:sfc_sf.obj
 0001:00017c80       sf_get_chart_instance_ptr  0000000180018c80 f   sfc_mex:sfc_sf.obj
 0001:00017ca0       sf_rtw_info_uint_prop      0000000180018ca0 f   sfc_mex:sfc_sf.obj
 0001:00017e10       sf_is_chart_inlinable      0000000180018e10 f   sfc_mex:sfc_sf.obj
 0001:00017e30       sf_mark_output_events_with_multiple_callers 0000000180018e30 f   sfc_mex:sfc_sf.obj
 0001:00017ff0       sf_mark_chart_reusable_outputs 0000000180018ff0 f   sfc_mex:sfc_sf.obj
 0001:00018270       sf_mark_chart_expressionable_inputs 0000000180019270 f   sfc_mex:sfc_sf.obj
 0001:000185d0       sf_get_subchart_simstruct  00000001800195d0 f   sfc_mex:sfc_sf.obj
 0001:00018620       sf_write_symbol_mapping    0000000180019620 f   sfc_mex:sfc_sf.obj
 0001:00018870       sf_get_fixpt_data_type_id  0000000180019870 f   sfc_mex:sfc_sf.obj
 0001:000188b0       sf_get_enum_data_type_id   00000001800198b0 f   sfc_mex:sfc_sf.obj
 0001:000188f0       sf_get_param_data_type_id  00000001800198f0 f   sfc_mex:sfc_sf.obj
 0001:00018920       sf_mex_listen_for_ctrl_c_force 0000000180019920 f   sfc_mex:sfc_sf.obj
 0001:00018a30       sf_mex_draw_now            0000000180019a30 f   sfc_mex:sfc_sf.obj
 0001:00018a70       sf_mex_set_debugger_sim_status_listener_fcn 0000000180019a70 f   sfc_mex:sfc_sf.obj
 0001:00018a80       sf_mex_listen_for_ctrl_c   0000000180019a80 f   sfc_mex:sfc_sf.obj
 0001:00018b10       sf_mex_get_sfun_param      0000000180019b10 f   sfc_mex:sfc_sf.obj
 0001:00018b60       sf_get_runtime_param_data  0000000180019b60 f   sfc_mex:sfc_sf.obj
 0001:00018ba0       sf_call_output_fcn_call    0000000180019ba0 f   sfc_mex:sfc_sf.obj
 0001:00018ce0       sf_call_output_fcn_enable  0000000180019ce0 f   sfc_mex:sfc_sf.obj
 0001:00018d70       sf_call_output_fcn_disable 0000000180019d70 f   sfc_mex:sfc_sf.obj
 0001:00018e00       sf_clear_rtw_identifier    0000000180019e00 f   sfc_mex:sfc_sf.obj
 0001:000195f0       sf_set_encoded_dwork_info  000000018001a5f0 f   sfc_mex:sfc_sf.obj
 0001:00019640       sf_get_dwork_info_from_mat_file 000000018001a640 f   sfc_mex:sfc_sf.obj
 0001:00019830       sf_set_rtw_dwork_info      000000018001a830 f   sfc_mex:sfc_sf.obj
 0001:000199a0       mdlOutputs                 000000018001a9a0 f   sfc_mex:sfc_sf.obj
 0001:00019b40       sf_debug_disp              000000018001ab40 f   sfc_debug:sfcdebug.obj
 0001:00019da0       sf_debug_data_runtime_size_mismatch_error_check 000000018001ada0 f   sfc_debug:sfcdebug.obj
 0001:00019e40       sf_debug_try_loading_machine 000000018001ae40 f   sfc_debug:sfcdebug.obj
 0001:00019f40       sf_debug_reset_current_state_configuration 000000018001af40 f   sfc_debug:sfcdebug.obj
 0001:00019fd0       sf_debug_store_current_state_configuration 000000018001afd0 f   sfc_debug:sfcdebug.obj
 0001:0001a060       sf_debug_restore_previous_state_configuration 000000018001b060 f   sfc_debug:sfcdebug.obj
 0001:0001a0f0       sf_debug_restore_previous_state_configuration2 000000018001b0f0 f   sfc_debug:sfcdebug.obj
 0001:0001a180       sf_debug_get_event_scope   000000018001b180 f   sfc_debug:sfcdebug.obj
 0001:0001a2f0       use_debugger_step_animation 000000018001b2f0 f   sfc_debug:sfcdebug.obj
 0001:0001a310       sf_debug_get_script_id     000000018001b310 f   sfc_debug:sfcdebug.obj
 0001:0001a3a0       sf_debug_set_script_translation 000000018001b3a0 f   sfc_debug:sfcdebug.obj
 0001:0001a460       sf_debug_get_current_machine_id 000000018001b460 f   sfc_debug:sfcdebug.obj
 0001:0001a480       sf_debug_get_current_optional_integer 000000018001b480 f   sfc_debug:sfcdebug.obj
 0001:0001a490       sf_debug_get_current_machine_number 000000018001b490 f   sfc_debug:sfcdebug.obj
 0001:0001a4b0       sf_debug_get_current_machine_name 000000018001b4b0 f   sfc_debug:sfcdebug.obj
 0001:0001a4d0       sf_debug_get_current_chart_id 000000018001b4d0 f   sfc_debug:sfcdebug.obj
 0001:0001a520       sf_debug_get_current_chart_number 000000018001b520 f   sfc_debug:sfcdebug.obj
 0001:0001a530       sf_debug_get_current_instance_number 000000018001b530 f   sfc_debug:sfcdebug.obj
 0001:0001a540       sf_debug_get_current_is_minor_time_step 000000018001b540 f   sfc_debug:sfcdebug.obj
 0001:0001a5c0       sf_debug_get_current_object_type 000000018001b5c0 f   sfc_debug:sfcdebug.obj
 0001:0001a5d0       sf_debug_get_current_instance_handle 000000018001b5d0 f   sfc_debug:sfcdebug.obj
 0001:0001a630       sf_debug_get_current_event_type 000000018001b630 f   sfc_debug:sfcdebug.obj
 0001:0001a640       sf_debug_get_current_object_id 000000018001b640 f   sfc_debug:sfcdebug.obj
 0001:0001a680       sf_debug_get_current_active_event_type 000000018001b680 f   sfc_debug:sfcdebug.obj
 0001:0001a690       sf_debug_get_current_active_event_id 000000018001b690 f   sfc_debug:sfcdebug.obj
 0001:0001a6d0       sf_debug_get_current_tag_type 000000018001b6d0 f   sfc_debug:sfcdebug.obj
 0001:0001a6e0       sf_debug_get_current_simulation_time 000000018001b6e0 f   sfc_debug:sfcdebug.obj
 0001:0001a6f0       sf_debug_get_current_coverage_percentage 000000018001b6f0 f   sfc_debug:sfcdebug.obj
 0001:0001a700       sf_debug_current_statement_context 000000018001b700 f   sfc_debug:sfcdebug.obj
 0001:0001a790       sf_debug_get_current_statement_info 000000018001b790 f   sfc_debug:sfcdebug.obj
 0001:0001a910       sf_debug_terminate_instance 000000018001b910 f   sfc_debug:sfcdebug.obj
 0001:0001ac20       sf_debug_assertion_failed  000000018001bc20 f   sfc_debug:sfcdebug.obj
 0001:0001add0       sf_debug_set_number_of_data_with_change_event_for_machine 000000018001bdd0 f   sfc_debug:sfcdebug.obj
 0001:0001ae10       sf_debug_set_machine_event_thresholds 000000018001be10 f   sfc_debug:sfcdebug.obj
 0001:0001ae30       sf_debug_set_machine_event_scope 000000018001be30 f   sfc_debug:sfcdebug.obj
 0001:0001ae70       sf_debug_set_machine_data_thresholds 000000018001be70 f   sfc_debug:sfcdebug.obj
 0001:0001aeb0       sf_debug_set_machine_data_scope 000000018001beb0 f   sfc_debug:sfcdebug.obj
 0001:0001af40       sf_debug_set_machine_data_name 000000018001bf40 f   sfc_debug:sfcdebug.obj
 0001:0001afe0       sf_debug_set_machine_data_size 000000018001bfe0 f   sfc_debug:sfcdebug.obj
 0001:0001b120       sf_debug_set_machine_data_type 000000018001c120 f   sfc_debug:sfcdebug.obj
 0001:0001b290       sf_debug_get_chart_data_number 000000018001c290 f   sfc_debug:sfcdebug.obj
 0001:0001b2b0       sf_debug_get_chart_event_number 000000018001c2b0 f   sfc_debug:sfcdebug.obj
 0001:0001b2d0       sf_debug_set_chart_state_info 000000018001c2d0 f   sfc_debug:sfcdebug.obj
 0001:0001b350       sf_debug_set_chart_decomposition 000000018001c350 f   sfc_debug:sfcdebug.obj
 0001:0001b3c0       sf_debug_set_chart_substate_count 000000018001c3c0 f   sfc_debug:sfcdebug.obj
 0001:0001b4a0       sf_debug_set_chart_substate_index 000000018001c4a0 f   sfc_debug:sfcdebug.obj
 0001:0001b510       sf_debug_set_chart_state_substate_count 000000018001c510 f   sfc_debug:sfcdebug.obj
 0001:0001b620       sf_debug_set_chart_state_substate_index 000000018001c620 f   sfc_debug:sfcdebug.obj
 0001:0001b6a0       sf_debug_set_number_of_data_with_change_event_for_chart 000000018001c6a0 f   sfc_debug:sfcdebug.obj
 0001:0001b720       sf_debug_set_number_of_states_with_entry_event_for_chart 000000018001c720 f   sfc_debug:sfcdebug.obj
 0001:0001b790       sf_debug_set_number_of_states_with_exit_event_for_chart 000000018001c790 f   sfc_debug:sfcdebug.obj
 0001:0001b800       sf_debug_set_chart_disable_implicit_casting 000000018001c800 f   sfc_debug:sfcdebug.obj
 0001:0001b870       sf_debug_set_chart_event_thresholds 000000018001c870 f   sfc_debug:sfcdebug.obj
 0001:0001b8e0       sf_debug_set_chart_data_compiled_props 000000018001c8e0 f   sfc_debug:sfcdebug.obj
 0001:0001bc30       sf_debug_set_chart_data_props 000000018001cc30 f   sfc_debug:sfcdebug.obj
 0001:0001bf50       sf_debug_check_fi_license  000000018001cf50 f   sfc_debug:sfcdebug.obj
 0001:0001c140       sf_debug_symbol_scope_push 000000018001d140 f   sfc_debug:sfcdebug.obj
 0001:0001c180       sf_debug_symbol_scope_push_eml 000000018001d180 f   sfc_debug:sfcdebug.obj
 0001:0001c1d0       sf_debug_symbol_scope_pop  000000018001d1d0 f   sfc_debug:sfcdebug.obj
 0001:0001c210       sf_debug_symbol_scope_add_importable 000000018001d210 f   sfc_debug:sfcdebug.obj
 0001:0001c290       sf_debug_symbol_scope_add  000000018001d290 f   sfc_debug:sfcdebug.obj
 0001:0001c310       sf_debug_symbol_scope_add_dyn_importable 000000018001d310 f   sfc_debug:sfcdebug.obj
 0001:0001c3d0       sf_debug_symbol_scope_add_dyn 000000018001d3d0 f   sfc_debug:sfcdebug.obj
 0001:0001c400       sf_debug_symbol_scope_add_eml_importable 000000018001d400 f   sfc_debug:sfcdebug.obj
 0001:0001c440       sf_debug_symbol_scope_add_eml 000000018001d440 f   sfc_debug:sfcdebug.obj
 0001:0001c480       sf_debug_symbol_scope_add_eml_dyn_importable 000000018001d480 f   sfc_debug:sfcdebug.obj
 0001:0001c4f0       sf_debug_symbol_scope_add_eml_dyn 000000018001d4f0 f   sfc_debug:sfcdebug.obj
 0001:0001c550       sf_debug_symbol_switch     000000018001d550 f   sfc_debug:sfcdebug.obj
 0001:0001c570       sf_debug_symbol_scope_add_verbose 000000018001d570 f   sfc_debug:sfcdebug.obj
 0001:0001c640       sf_debug_set_machine_data_value_ptr 000000018001d640 f   sfc_debug:sfcdebug.obj
 0001:0001c680       sf_debug_set_instance_data_value_ptr 000000018001d680 f   sfc_debug:sfcdebug.obj
 0001:0001c740       sf_debug_unset_instance_data_value_ptr 000000018001d740 f   sfc_debug:sfcdebug.obj
 0001:0001c7f0       sf_debug_set_chart_event_scope 000000018001d7f0 f   sfc_debug:sfcdebug.obj
 0001:0001c870       sf_debug_set_chart_transition_coverage_maps 000000018001d870 f   sfc_debug:sfcdebug.obj
 0001:0001c980       sf_debug_set_chart_state_coverage_maps 000000018001d980 f   sfc_debug:sfcdebug.obj
 0001:0001ca60       sf_debug_set_instance_transition_coverage_weights 000000018001da60 f   sfc_debug:sfcdebug.obj
 0001:0001cb00       sf_debug_set_instance_state_coverage_weights 000000018001db00 f   sfc_debug:sfcdebug.obj
 0001:0001cd50       sf_debug_unload_machine    000000018001dd50 f   sfc_debug:sfcdebug.obj
 0001:0001cda0       sf_debug_load_machine      000000018001dda0 f   sfc_debug:sfcdebug.obj
 0001:0001cea0       sf_debug_set_active_instance_in_data_dictionary 000000018001dea0 f   sfc_debug:sfcdebug.obj
 0001:0001d080       sf_debug_set_active_instance 000000018001e080 f   sfc_debug:sfcdebug.obj
 0001:0001d1c0       sf_debug_chart_visiblity_change 000000018001e1c0 f   sfc_debug:sfcdebug.obj
 0001:0001d2a0       sf_debug_select_chart      000000018001e2a0 f   sfc_debug:sfcdebug.obj
 0001:0001d370       sf_debug_set_instance_cv_ids 000000018001e370 f   sfc_debug:sfcdebug.obj
 0001:0001d680       sf_debug_select_charts     000000018001e680 f   sfc_debug:sfcdebug.obj
 0001:0001d7c0       sf_debug_initialized       000000018001e7c0 f   sfc_debug:sfcdebug.obj
 0001:0001d7d0       sf_debug_is_uninterruptible 000000018001e7d0 f   sfc_debug:sfcdebug.obj
 0001:0001d800       sf_debug_initialize_debugger_gui 000000018001e800 f   sfc_debug:sfcdebug.obj
 0001:0001dbf0       sf_debug_resume            000000018001ebf0 f   sfc_debug:sfcdebug.obj
 0001:0001dc10       sf_debug_go                000000018001ec10 f   sfc_debug:sfcdebug.obj
 0001:0001dc20       sf_debug_break             000000018001ec20 f   sfc_debug:sfcdebug.obj
 0001:0001dc30       sf_debug_step_over         000000018001ec30 f   sfc_debug:sfcdebug.obj
 0001:0001dc40       sf_debug_step_out          000000018001ec40 f   sfc_debug:sfcdebug.obj
 0001:0001dc50       sf_debug_set_disable_all_breakpoints 000000018001ec50 f   sfc_debug:sfcdebug.obj
 0001:0001dc60       sf_debug_disable_all_breakpoints_and_go 000000018001ec60 f   sfc_debug:sfcdebug.obj
 0001:0001dc70       sf_debug_break_on_chart_entry 000000018001ec70 f   sfc_debug:sfcdebug.obj
 0001:0001dc80       sf_debug_break_on_event_broadcast 000000018001ec80 f   sfc_debug:sfcdebug.obj
 0001:0001dc90       sf_debug_break_on_state_entry 000000018001ec90 f   sfc_debug:sfcdebug.obj
 0001:0001dca0       sf_debug_break_between_times 000000018001eca0 f   sfc_debug:sfcdebug.obj
 0001:0001dcc0       sf_debug_browse_data       000000018001ecc0 f   sfc_debug:sfcdebug.obj
 0001:0001dce0       sf_debug_watch_data        000000018001ece0 f   sfc_debug:sfcdebug.obj
 0001:0001dd00       sf_debug_assign_data       000000018001ed00 f   sfc_debug:sfcdebug.obj
 0001:0001dd20       sf_debug_whos              000000018001ed20 f   sfc_debug:sfcdebug.obj
 0001:0001dd40       sf_debug_get_consistency_info 000000018001ed40 f   sfc_debug:sfcdebug.obj
 0001:0001dd50       sf_debug_browse_trace      000000018001ed50 f   sfc_debug:sfcdebug.obj
 0001:0001dd60       sf_debug_set_breakpoints   000000018001ed60 f   sfc_debug:sfcdebug.obj
 0001:0001dec0       sf_debug_set_eml_breakpoints 000000018001eec0 f   sfc_debug:sfcdebug.obj
 0001:0001e020       sf_debug_set_script_breakpoints 000000018001f020 f   sfc_debug:sfcdebug.obj
 0001:0001e0a0       sf_debug_add_script_breakpoints 000000018001f0a0 f   sfc_debug:sfcdebug.obj
 0001:0001e110       sf_debug_clear_script_breakpoints 000000018001f110 f   sfc_debug:sfcdebug.obj
 0001:0001e180       sf_debug_query_script_breakpoints 000000018001f180 f   sfc_debug:sfcdebug.obj
 0001:0001e240       sf_debug_get_eml_script_id 000000018001f240 f   sfc_debug:sfcdebug.obj
 0001:0001e290       sf_debug_set_watch         000000018001f290 f   sfc_debug:sfcdebug.obj
 0001:0001e4c0       sf_debug_get_coverage      000000018001f4c0 f   sfc_debug:sfcdebug.obj
 0001:0001e4d0       sf_debug_get_instance_handle 000000018001f4d0 f   sfc_debug:sfcdebug.obj
 0001:0001e560       sf_debug_get_active_states 000000018001f560 f   sfc_debug:sfcdebug.obj
 0001:0001e570       sf_debug_get_animation     000000018001f570 f   sfc_debug:sfcdebug.obj
 0001:0001e580       sf_debug_set_animation     000000018001f580 f   sfc_debug:sfcdebug.obj
 0001:0001e590       sf_debug_animate           000000018001f590 f   sfc_debug:sfcdebug.obj
 0001:0001e5c0       sf_debug_cycle_detection_check 000000018001f5c0 f   sfc_debug:sfcdebug.obj
 0001:0001e5d0       sf_debug_data_range_check  000000018001f5d0 f   sfc_debug:sfcdebug.obj
 0001:0001e5e0       sf_debug_transition_conflict_check 000000018001f5e0 f   sfc_debug:sfcdebug.obj
 0001:0001e5f0       sf_debug_state_consistency_check 000000018001f5f0 f   sfc_debug:sfcdebug.obj
 0001:0001e600       sf_debug_data_range_check_enabled 000000018001f600 f   sfc_debug:sfcdebug.obj
 0001:0001e620       sf_debug_transition_conflict_check_enabled 000000018001f620 f   sfc_debug:sfcdebug.obj
 0001:0001e640       sf_debug_transition_conflict_check_begin 000000018001f640 f   sfc_debug:sfcdebug.obj
 0001:0001e660       sf_debug_transition_conflict_check_end 000000018001f660 f   sfc_debug:sfcdebug.obj
 0001:0001e680       sf_debug_stop_debugging    000000018001f680 f   sfc_debug:sfcdebug.obj
 0001:0001e6b0       sf_debug_is_cycle_detected 000000018001f6b0 f   sfc_debug:sfcdebug.obj
 0001:0001e6c0       sf_debug_is_array_bounds_detected 000000018001f6c0 f   sfc_debug:sfcdebug.obj
 0001:0001e6d0       sf_debug_get_state_vectors_data_size 000000018001f6d0 f   sfc_debug:sfcdebug.obj
 0001:0001e710       sf_debug_get_state_vectors_data 000000018001f710 f   sfc_debug:sfcdebug.obj
 0001:0001e810       sf_debug_set_state_vectors_data 000000018001f810 f   sfc_debug:sfcdebug.obj
 0001:0001ead0       sf_debug_get_script_index  000000018001fad0 f   sfc_debug:sfcdebug.obj
 0001:0001ec60       sf_debug_add_script        000000018001fc60 f   sfc_debug:sfcdebug.obj
 0001:0001edf0       cv_eval_point              000000018001fdf0 f   sfc_debug:sfcdebug.obj
 0001:0001ef60       sf_debug_cv_init_state     000000018001ff60 f   sfc_debug:sfcdebug.obj
 0001:0001f080       sf_debug_cv_init_chart     0000000180020080 f   sfc_debug:sfcdebug.obj
 0001:0001f160       sf_debug_cv_init_trans     0000000180020160 f   sfc_debug:sfcdebug.obj
 0001:0001f2d0       cv_eml_init_script         00000001800202d0 f   sfc_debug:sfcdebug.obj
 0001:0001f3b0       cv_eml_init_fcn            00000001800203b0 f   sfc_debug:sfcdebug.obj
 0001:0001f460       cv_eml_init_testobjective  0000000180020460 f   sfc_debug:sfcdebug.obj
 0001:0001f510       cv_eml_init_if             0000000180020510 f   sfc_debug:sfcdebug.obj
 0001:0001f5c0       cv_eml_init_for            00000001800205c0 f   sfc_debug:sfcdebug.obj
 0001:0001f670       cv_eml_init_while          0000000180020670 f   sfc_debug:sfcdebug.obj
 0001:0001f720       cv_eml_init_mcdc           0000000180020720 f   sfc_debug:sfcdebug.obj
 0001:0001f820       cv_eml_init_switch         0000000180020820 f   sfc_debug:sfcdebug.obj
 0001:0001f900       cv_eml_eval                0000000180020900 f   sfc_debug:sfcdebug.obj
 0001:0001f9e0       sf_debug_bm_is_a_eml_breakpoint 00000001800209e0 f   sfc_debug:sfcdebug.obj
 0001:0001fb30       sf_debug_temporal_threshold 0000000180020b30 f   sfc_debug:sfcdebug.obj
 0001:0001fe90       sf_debug_transition_conflict_error 0000000180020e90 f   sfc_debug:sfcdebug.obj
 0001:00020210       sf_debug_state_inconsistency_error 0000000180021210 f   sfc_debug:sfcdebug.obj
 0001:00020330       sf_debug_check_for_state_inconsistency 0000000180021330 f   sfc_debug:sfcdebug.obj
 0001:00020360       sf_debug_cycle_detecton_error 0000000180021360 f   sfc_debug:sfcdebug.obj
 0001:00020b50       sf_debug_size_eq_check_1d  0000000180021b50 f   sfc_debug:sfcdebug.obj
 0001:00020b70       sf_debug_size_eq_check_nd  0000000180021b70 f   sfc_debug:sfcdebug.obj
 0001:00020d50       sf_debug_dim_size_eq_check 0000000180021d50 f   sfc_debug:sfcdebug.obj
 0001:00020d80       sf_debug_dim_size_geq_check 0000000180021d80 f   sfc_debug:sfcdebug.obj
 0001:00020db0       sf_debug_sub_assign_size_check_nd 0000000180021db0 f   sfc_debug:sfcdebug.obj
 0001:00020ff0       sf_debug_matrix_matrix_index_check 0000000180021ff0 f   sfc_debug:sfcdebug.obj
 0001:00021020       sf_debug_vector_vector_index_check 0000000180022020 f   sfc_debug:sfcdebug.obj
 0001:00021050       sf_debug_runtime_error_msgid 0000000180022050 f   sfc_debug:sfcdebug.obj
 0001:000210e0       sf_debug_data_array_bounds_error_check 00000001800220e0 f   sfc_debug:sfcdebug.obj
 0001:000211f0       sf_debug_eml_data_array_bounds_error_check 00000001800221f0 f   sfc_debug:sfcdebug.obj
 0001:000216d0       sf_debug_integer_check     00000001800226d0 f   sfc_debug:sfcdebug.obj
 0001:000217b0       sf_debug_not_nan_check     00000001800227b0 f   sfc_debug:sfcdebug.obj
 0001:00021870       sf_debug_non_negative_check 0000000180022870 f   sfc_debug:sfcdebug.obj
 0001:00021930       sf_debug_overflow_detection 0000000180022930 f   sfc_debug:sfcdebug.obj
 0001:00022020       sf_debug_cast_to_real32_T  0000000180023020 f   sfc_debug:sfcdebug.obj
 0001:000220e0       sf_debug_cast_to_int8_T    00000001800230e0 f   sfc_debug:sfcdebug.obj
 0001:000221a0       sf_debug_cast_to_uint8_T   00000001800231a0 f   sfc_debug:sfcdebug.obj
 0001:00022260       sf_debug_cast_to_int16_T   0000000180023260 f   sfc_debug:sfcdebug.obj
 0001:00022320       sf_debug_cast_to_uint16_T  0000000180023320 f   sfc_debug:sfcdebug.obj
 0001:000223e0       sf_debug_cast_to_int32_T   00000001800233e0 f   sfc_debug:sfcdebug.obj
 0001:000224a0       sf_debug_cast_to_uint32_T  00000001800234a0 f   sfc_debug:sfcdebug.obj
 0001:00022560       sf_debug_data_range_error  0000000180023560 f   sfc_debug:sfcdebug.obj
 0001:000229e0       sf_debug_data_range_error_wrapper_min_max 00000001800239e0 f   sfc_debug:sfcdebug.obj
 0001:00022ad0       sf_debug_data_range_error_wrapper_min 0000000180023ad0 f   sfc_debug:sfcdebug.obj
 0001:00022bb0       sf_debug_data_range_error_wrapper_max 0000000180023bb0 f   sfc_debug:sfcdebug.obj
 0001:00022c90       sf_debug_data_range_wrapper 0000000180023c90 f   sfc_debug:sfcdebug.obj
 0001:00022d40       sf_debug_set_current_status_info 0000000180023d40 f   sfc_debug:sfcdebug.obj
 0001:000230f0       sf_debug_call              00000001800240f0 f   sfc_debug:sfcdebug.obj
 0001:00023fb0       sf_debug_initialize_machine 0000000180024fb0 f   sfc_debug:sfcdebug.obj
 0001:000242c0       sf_debug_initialize_chart  00000001800252c0 f   sfc_debug:sfcdebug.obj
 0001:000247a0       sf_debug_ensure_script     00000001800257a0 f   sfc_debug:sfcdebug.obj
 0001:00024860       cv_script_init_script      0000000180025860 f   sfc_debug:sfcdebug.obj
 0001:00024940       cv_script_init_fcn         0000000180025940 f   sfc_debug:sfcdebug.obj
 0001:000249f0       cv_script_init_testobjective 00000001800259f0 f   sfc_debug:sfcdebug.obj
 0001:00024aa0       cv_script_init_if          0000000180025aa0 f   sfc_debug:sfcdebug.obj
 0001:00024b50       cv_script_init_for         0000000180025b50 f   sfc_debug:sfcdebug.obj
 0001:00024c00       cv_script_init_while       0000000180025c00 f   sfc_debug:sfcdebug.obj
 0001:00024cb0       cv_script_init_mcdc        0000000180025cb0 f   sfc_debug:sfcdebug.obj
 0001:00024db0       cv_script_init_switch      0000000180025db0 f   sfc_debug:sfcdebug.obj
 0001:00024e90       cv_script_eval             0000000180025e90 f   sfc_debug:sfcdebug.obj
 0001:00024f70       eml_debug_line_call        0000000180025f70 f   sfc_debug:sfcdebug.obj
 0001:00025120       sf_debug_terminate         0000000180026120 f   sfc_debug:sfcdebug.obj
 0001:00025290       sf_debug_set_script_cv_ids 0000000180026290 f   sfc_debug:sfcdebug.obj
 0001:00025460       sf_debug_api               0000000180026460 f   sfc_debug:sfc_api.obj
 0001:00026c90       sf_debug_sm_terminate      0000000180027c90 f   sfc_debug:sfdb_animation.obj
 0001:00026e50       sf_debug_reset_path_objects 0000000180027e50 f   sfc_debug:sfdb_animation.obj
 0001:00026ed0       sf_debug_sm_reset_object_selection_status 0000000180027ed0 f   sfc_debug:sfdb_animation.obj
 0001:00026f70       sf_debug_sm_reset_state_buffer 0000000180027f70 f   sfc_debug:sfdb_animation.obj
 0001:00027040       sf_debug_sm_store_state_buffer 0000000180028040 f   sfc_debug:sfdb_animation.obj
 0001:000270c0       sf_debug_sm_restore_state_buffer1 00000001800280c0 f   sfc_debug:sfdb_animation.obj
 0001:00027130       sf_debug_sm_restore_state_buffer2 0000000180028130 f   sfc_debug:sfdb_animation.obj
 0001:000271a0       sf_debug_sm_chart_active   00000001800281a0 f   sfc_debug:sfdb_animation.obj
 0001:000271f0       sf_debug_sm_select_active_objects 00000001800281f0 f   sfc_debug:sfdb_animation.obj
 0001:000276a0       sf_debug_sm_is_chart_active 00000001800286a0 f   sfc_debug:sfdb_animation.obj
 0001:000276e0       sf_debug_sm_is_state_active 00000001800286e0 f   sfc_debug:sfdb_animation.obj
 0001:00027920       sf_debug_sm_get_active_states 0000000180028920 f   sfc_debug:sfdb_animation.obj
 0001:00027ee0       sf_debug_sm_initialize_instance 0000000180028ee0 f   sfc_debug:sfdb_animation.obj
 0001:00028130       sf_debug_sm_change_object_selection_status 0000000180029130 f   sfc_debug:sfdb_animation.obj
 0001:00028420       cv_create_interface        0000000180029420 f   sfc_debug:cv_sfinterface.obj
 0001:00028780       cv_init_trans              0000000180029780 f   sfc_debug:cv_sfinterface.obj
 0001:000287d0       cv_init_state              00000001800297d0 f   sfc_debug:cv_sfinterface.obj
 0001:00028840       cv_init_chart              0000000180029840 f   sfc_debug:cv_sfinterface.obj
 0001:00028890       cv_dec_update_call         0000000180029890 f   sfc_debug:cv_sfinterface.obj
 0001:000288d0       cv_cond_update_call        00000001800298d0 f   sfc_debug:cv_sfinterface.obj
 0001:00028910       cv_sigrange_update         0000000180029910 f   sfc_debug:cv_sfinterface.obj
 0001:00028950       cvsf_eml_eval              0000000180029950 f   sfc_debug:cv_sfinterface.obj
 0001:00028a30       cvsf_eml_init_script       0000000180029a30 f   sfc_debug:cv_sfinterface.obj
 0001:00028ab0       cvsf_eml_init_fcn          0000000180029ab0 f   sfc_debug:cv_sfinterface.obj
 0001:00028b10       cvsf_eml_init_testobjective 0000000180029b10 f   sfc_debug:cv_sfinterface.obj
 0001:00028b70       cvsf_eml_init_if           0000000180029b70 f   sfc_debug:cv_sfinterface.obj
 0001:00028bd0       cvsf_eml_init_for          0000000180029bd0 f   sfc_debug:cv_sfinterface.obj
 0001:00028c20       cvsf_eml_init_while        0000000180029c20 f   sfc_debug:cv_sfinterface.obj
 0001:00028c70       cvsf_eml_init_mcdc         0000000180029c70 f   sfc_debug:cv_sfinterface.obj
 0001:00028d00       cvsf_eml_init_switch       0000000180029d00 f   sfc_debug:cv_sfinterface.obj
 0001:00028d70       cvsf_script_eval           0000000180029d70 f   sfc_debug:cv_sfinterface.obj
 0001:00028e50       cvsf_script_init_script    0000000180029e50 f   sfc_debug:cv_sfinterface.obj
 0001:00028ed0       cvsf_script_init_fcn       0000000180029ed0 f   sfc_debug:cv_sfinterface.obj
 0001:00028f30       cvsf_script_init_testobjective 0000000180029f30 f   sfc_debug:cv_sfinterface.obj
 0001:00028f90       cvsf_script_init_if        0000000180029f90 f   sfc_debug:cv_sfinterface.obj
 0001:00028ff0       cvsf_script_init_for       0000000180029ff0 f   sfc_debug:cv_sfinterface.obj
 0001:00029040       cvsf_script_init_while     000000018002a040 f   sfc_debug:cv_sfinterface.obj
 0001:00029090       cvsf_script_init_mcdc      000000018002a090 f   sfc_debug:cv_sfinterface.obj
 0001:00029120       cvsf_script_init_switch    000000018002a120 f   sfc_debug:cv_sfinterface.obj
 0001:00029190       cv_destroy_interface       000000018002a190 f   sfc_debug:cv_sfinterface.obj
 0001:000291b0       cv_create_instance_objects 000000018002a1b0 f   sfc_debug:cv_sfinterface.obj
 0001:00029660       cv_is_enabled              000000018002a660 f   sfc_debug:cv_sfinterface.obj
 0001:00029670       sf_debug_cv_initialize_script 000000018002a670 f   sfc_debug:cv_sfinterface.obj
 0001:00029820       sf_debug_cv_initialize_instance 000000018002a820 f   sfc_debug:cv_sfinterface.obj
 0001:00029bc0       sf_debug_cv_terminate_chart 000000018002abc0 f   sfc_debug:cv_sfinterface.obj
 0001:00029d00       cv_call_trans_test         000000018002ad00 f   sfc_debug:cv_sfinterface.obj
 0001:00029d10       cv_call_sub_cond_test      000000018002ad10 f   sfc_debug:cv_sfinterface.obj
 0001:00029e40       sf_debug_hm_initialize_instance 000000018002ae40 f   sfc_debug:sfdb_handle_management.obj
 0001:0002a3c0       sf_debug_hm_get_object_id  000000018002b3c0 f   sfc_debug:sfdb_handle_management.obj
 0001:0002c330       sf_debug_object_is_eml_function 000000018002d330 f   sfc_debug:sfdb_handle_management.obj
 0001:0002c3a0       sf_debug_hm_initialize_ids_in_machine 000000018002d3a0 f   sfc_debug:sfdb_handle_management.obj
 0001:0002c510       sf_debug_hm_initialize_ids_in_chart 000000018002d510 f   sfc_debug:sfdb_handle_management.obj
 0001:0002c650       sf_debug_hm_initialize_chart 000000018002d650 f   sfc_debug:sfdb_handle_management.obj
 0001:0002ce00       sf_debug_hm_terminate      000000018002de00 f   sfc_debug:sfdb_handle_management.obj
 0001:0002ce60       sf_debug_hm_initialize_machine 000000018002de60 f   sfc_debug:sfdb_handle_management.obj
 0001:0002d610       sf_debug_st_initialize_machine 000000018002e610 f   sfc_debug:sfdb_data_browse.obj
 0001:0002d6d0       sf_debug_st_initialize_instance 000000018002e6d0 f   sfc_debug:sfdb_data_browse.obj
 0001:0002d900       sf_debug_st_terminate      000000018002e900 f   sfc_debug:sfdb_data_browse.obj
 0001:0002dca0       sf_debug_st_set_data_value_ptr_in_machine 000000018002eca0 f   sfc_debug:sfdb_data_browse.obj
 0001:0002dd30       sf_debug_st_set_data_value_ptr_in_instance 000000018002ed30 f   sfc_debug:sfdb_data_browse.obj
 0001:0002de10       sf_debug_st_unset_data_value_ptr_in_machine 000000018002ee10 f   sfc_debug:sfdb_data_browse.obj
 0001:0002de80       sf_debug_st_unset_data_value_ptr_in_instance 000000018002ee80 f   sfc_debug:sfdb_data_browse.obj
 0001:0002e190       sf_debug_mx_value          000000018002f190 f   sfc_debug:sfdb_data_browse.obj
 0001:0002e1f0       sf_debug_mx_packed_vector  000000018002f1f0 f   sfc_debug:sfdb_data_browse.obj
 0001:0002e2d0       sf_debug_mx_uint_vector    000000018002f2d0 f   sfc_debug:sfdb_data_browse.obj
 0001:0002e390       sf_debug_st_get_double_value_from_void_ptr_vector 000000018002f390 f   sfc_debug:sfdb_data_browse.obj
 0001:0002ee80       sf_debug_st_browse_data    000000018002fe80 f   sfc_debug:sfdb_data_browse.obj
 0001:0002f620       sf_debug_ss_initialize     0000000180030620 f   sfc_debug:sfdb_symbol_scope.obj
 0001:0002f640       sf_debug_ss_terminate      0000000180030640 f   sfc_debug:sfdb_symbol_scope.obj
 0001:0002f6d0       sf_debug_ss_push_symbol_scope 00000001800306d0 f   sfc_debug:sfdb_symbol_scope.obj
 0001:0002f7d0       sf_debug_ss_push_symbol_scope_eml 00000001800307d0 f   sfc_debug:sfdb_symbol_scope.obj
 0001:0002f830       sf_debug_ss_pop_symbol_scope 0000000180030830 f   sfc_debug:sfdb_symbol_scope.obj
 0001:0002f8e0       sf_debug_ss_add_symbol     00000001800308e0 f   sfc_debug:sfdb_symbol_scope.obj
 0001:0002fa40       sf_debug_ss_add_symbol_eml 0000000180030a40 f   sfc_debug:sfdb_symbol_scope.obj
 0001:00030720       sf_debug_ss_set_data_value 0000000180031720 f   sfc_debug:sfdb_symbol_scope.obj
 0001:00030bc0       sf_debug_ss_watch_data     0000000180031bc0 f   sfc_debug:sfdb_symbol_scope.obj
 0001:00030c60       sf_debug_ss_assign_data    0000000180031c60 f   sfc_debug:sfdb_symbol_scope.obj
 0001:00031660       get_data_entry_name        0000000180032660 f   sfc_debug:sfdb_symbol_scope.obj
 0001:000316b0       sf_debug_ss_whos           00000001800326b0 f   sfc_debug:sfdb_symbol_scope.obj
 0001:00031dc0       sf_debug_cc_initialize_chart 0000000180032dc0 f   sfc_debug:sfdb_coverage.obj
 0001:000327b0       sf_debug_cc_initialize_instance 00000001800337b0 f   sfc_debug:sfdb_coverage.obj
 0001:000335b0       sf_debug_cc_terminate      00000001800345b0 f   sfc_debug:sfdb_coverage.obj
 0001:000336a0       sf_debug_cc_set_transition_maps 00000001800346a0 f   sfc_debug:sfdb_coverage.obj
 0001:000337d0       sf_debug_cc_set_state_maps 00000001800347d0 f   sfc_debug:sfdb_coverage.obj
 0001:000338b0       sf_debug_cc_set_transition_weights 00000001800348b0 f   sfc_debug:sfdb_coverage.obj
 0001:00033b80       sf_debug_cc_set_state_weights 0000000180034b80 f   sfc_debug:sfdb_coverage.obj
 0001:00033e50       sf_debug_cc_mark_transition_guard 0000000180034e50 f   sfc_debug:sfdb_coverage.obj
 0001:00033ee0       sf_debug_cc_mark_transition_trigger 0000000180034ee0 f   sfc_debug:sfdb_coverage.obj
 0001:00033f70       sf_debug_cc_mark_transition_decision 0000000180034f70 f   sfc_debug:sfdb_coverage.obj
 0001:00033fe0       sf_debug_cc_mark_transition_condition_action 0000000180034fe0 f   sfc_debug:sfdb_coverage.obj
 0001:00034030       sf_debug_cc_mark_transition_transition_action 0000000180035030 f   sfc_debug:sfdb_coverage.obj
 0001:00034080       sf_debug_cc_mark_state_entry 0000000180035080 f   sfc_debug:sfdb_coverage.obj
 0001:000340d0       sf_debug_cc_mark_state_during 00000001800350d0 f   sfc_debug:sfdb_coverage.obj
 0001:00034120       sf_debug_cc_mark_state_exit 0000000180035120 f   sfc_debug:sfdb_coverage.obj
 0001:00034960       sf_debug_cc_get_coverage   0000000180035960 f   sfc_debug:sfdb_coverage.obj
 0001:00034f00       sf_debug_bm_clear_script_breakpoints 0000000180035f00 f   sfc_debug:sfdb_breakpoints.obj
 0001:00034f30       sf_debug_bm_set_script_breakpoint 0000000180035f30 f   sfc_debug:sfdb_breakpoints.obj
 0001:00034fb0       sf_debug_bm_clear_single_script_breakpoint 0000000180035fb0 f   sfc_debug:sfdb_breakpoints.obj
 0001:00035030       sf_debug_bm_query_script_breakpoint 0000000180036030 f   sfc_debug:sfdb_breakpoints.obj
 0001:00035080       sf_debug_bm_initialize_scripts 0000000180036080 f   sfc_debug:sfdb_breakpoints.obj
 0001:000357a0       sf_debug_bm_terminate      00000001800367a0 f   sfc_debug:sfdb_breakpoints.obj
 0001:00035a90       sf_debug_bm_remove_all_breakpoints_in_machine 0000000180036a90 f   sfc_debug:sfdb_breakpoints.obj
 0001:00035b00       sf_debug_bm_remove_all_breakpoints_in_chart 0000000180036b00 f   sfc_debug:sfdb_breakpoints.obj
 0001:00035c50       sf_debug_bm_initialize_global_breakpoints 0000000180036c50 f   sfc_debug:sfdb_breakpoints.obj
 0001:00035dd0       sf_debug_bm_set_breakpoint 0000000180036dd0 f   sfc_debug:sfdb_breakpoints.obj
 0001:00036400       sf_debug_bm_set_eml_breakpoint 0000000180037400 f   sfc_debug:sfdb_breakpoints.obj
 0001:000364a0       sf_debug_bm_initialize_machine_breakpoint_map 00000001800374a0 f   sfc_debug:sfdb_breakpoints.obj
 0001:000368c0       sf_debug_bm_is_a_breakpoint 00000001800378c0 f   sfc_debug:sfdb_breakpoints.obj
 0001:00036de0       sf_debug_bm_get_all_breakpoints_in_machine 0000000180037de0 f   sfc_debug:sfdb_breakpoints.obj
 0001:000370e0       sf_debug_bm_get_all_breakpoints_in_chart 00000001800380e0 f   sfc_debug:sfdb_breakpoints.obj
 0001:00037da0       sf_debug_bm_initialize_machine 0000000180038da0 f   sfc_debug:sfdb_breakpoints.obj
 0001:00037e70       sf_debug_bm_initialize_chart 0000000180038e70 f   sfc_debug:sfdb_breakpoints.obj
 0001:00038290       sf_debug_sc_terminate      0000000180039290 f   sfc_debug:sfdb_state_consistency.obj
 0001:000385c0       sf_debug_sc_is_chart_consistent 00000001800395c0 f   sfc_debug:sfdb_state_consistency.obj
 0001:00038870       sf_debug_sc_get_consistency_error_info 0000000180039870 f   sfc_debug:sfdb_state_consistency.obj
 0001:00038cc0       sf_debug_tm_terminate      0000000180039cc0 f   sfc_debug:sfdb_call_stack.obj
 0001:00038d80       sf_debug_tm_push_chart_instance 0000000180039d80 f   sfc_debug:sfdb_call_stack.obj
 0001:00038ed0       sf_debug_tm_pop_chart_instance 0000000180039ed0 f   sfc_debug:sfdb_call_stack.obj
 0001:00038f30       sf_debug_tm_push_trace_node 0000000180039f30 f   sfc_debug:sfdb_call_stack.obj
 0001:000390c0       sf_debug_tm_pop_trace_node 000000018003a0c0 f   sfc_debug:sfdb_call_stack.obj
 0001:00039140       sf_debug_tm_get_current_global_trace_index 000000018003a140 f   sfc_debug:sfdb_call_stack.obj
 0001:00039150       sf_debug_tm_get_current_local_trace_index 000000018003a150 f   sfc_debug:sfdb_call_stack.obj
 0001:00039180       sf_debug_tm_set_cycle_detected_flag 000000018003a180 f   sfc_debug:sfdb_call_stack.obj
 0001:000391c0       sf_debug_tm_set_cycle_started_flag 000000018003a1c0 f   sfc_debug:sfdb_call_stack.obj
 0001:00039200       sf_debug_tm_get_chart_number_from_stack 000000018003a200 f   sfc_debug:sfdb_call_stack.obj
 0001:00039400       sf_debug_tm_browse_trace   000000018003a400 f   sfc_debug:sfdb_call_stack.obj
 0001:00039740       sf_debug_cd_initialize_instance 000000018003a740 f   sfc_debug:sfdb_cycle_detection.obj
 0001:000399f0       sf_debug_cd_mark_processed_transition_in_instance 000000018003a9f0 f   sfc_debug:sfdb_cycle_detection.obj
 0001:00039a90       sf_debug_cd_checksum_push  000000018003aa90 f   sfc_debug:sfdb_cycle_detection.obj
 0001:00039d50       sf_debug_cd_checksum_pop   000000018003ad50 f   sfc_debug:sfdb_cycle_detection.obj
 0001:00039dc0       sf_debug_cd_turn_off_cycle_detection 000000018003adc0 f   sfc_debug:sfdb_cycle_detection.obj
 0001:00039e10       sf_debug_cd_terminate      000000018003ae10 f   sfc_debug:sfdb_cycle_detection.obj
 0001:0003a050       md5_initialize_state       000000018003b050 f   sfc_debug:ckmd5.obj
 0001:0003aac0       md5_update_state           000000018003bac0 f   sfc_debug:ckmd5.obj
 0001:0003aae0       md5_get_hash               000000018003bae0 f   sfc_debug:ckmd5.obj
 0001:0003ab10       md5_get_hash_for_a_single_string 000000018003bb10 f   sfc_debug:ckmd5.obj
 0001:0003ab74       mxGetPr                    000000018003bb74 f   libmx:libmx.dll
 0001:0003ab7a       mxCreateDoubleScalar       000000018003bb7a f   libmx:libmx.dll
 0001:0003ab80       mxSetField_730             000000018003bb80 f   libmx:libmx.dll
 0001:0003ab86       mxCreateDoubleMatrix_730   000000018003bb86 f   libmx:libmx.dll
 0001:0003ab8c       mxCreateStructMatrix_730   000000018003bb8c f   libmx:libmx.dll
 0001:0003ab92       mxDestroyArray             000000018003bb92 f   libmx:libmx.dll
 0001:0003ab98       mxCreateString             000000018003bb98 f   libmx:libmx.dll
 0001:0003ab9e       mxDuplicateArray           000000018003bb9e f   libmx:libmx.dll
 0001:0003aba4       mxGetString_730            000000018003bba4 f   libmx:libmx.dll
 0001:0003abaa       mxIsChar                   000000018003bbaa f   libmx:libmx.dll
 0001:0003abb0       mxGetClassID               000000018003bbb0 f   libmx:libmx.dll
 0001:0003abb6       mxIsNumeric                000000018003bbb6 f   libmx:libmx.dll
 0001:0003abbc       mxIsComplex                000000018003bbbc f   libmx:libmx.dll
 0001:0003abc2       mxGetN                     000000018003bbc2 f   libmx:libmx.dll
 0001:0003abc8       mxGetM                     000000018003bbc8 f   libmx:libmx.dll
 0001:0003abce       mxCalloc                   000000018003bbce f   libmx:libmx.dll
 0001:0003abd4       mxGetScalar                000000018003bbd4 f   libmx:libmx.dll
 0001:0003abda       mxIsLogical                000000018003bbda f   libmx:libmx.dll
 0001:0003abe0       mxCreateDoubleMatrix_700   000000018003bbe0 f   libmx:libmx.dll
 0001:0003abe6       mxFree                     000000018003bbe6 f   libmx:libmx.dll
 0001:0003abec       mxArrayToString            000000018003bbec f   libmx:libmx.dll
 0001:0003abf2       mxCreateCellMatrix_700     000000018003bbf2 f   libmx:libmx.dll
 0001:0003abf8       mxSetCell_700              000000018003bbf8 f   libmx:libmx.dll
 0001:0003abfe       mxGetCell_700              000000018003bbfe f   libmx:libmx.dll
 0001:0003ac04       mxGetClassName             000000018003bc04 f   libmx:libmx.dll
 0001:0003ac0a       mxSetField_700             000000018003bc0a f   libmx:libmx.dll
 0001:0003ac10       mxAddField                 000000018003bc10 f   libmx:libmx.dll
 0001:0003ac16       mxGetField_700             000000018003bc16 f   libmx:libmx.dll
 0001:0003ac1c       mxGetNumberOfElements      000000018003bc1c f   libmx:libmx.dll
 0001:0003ac22       mxIsStruct                 000000018003bc22 f   libmx:libmx.dll
 0001:0003ac28       mxIsClass                  000000018003bc28 f   libmx:libmx.dll
 0001:0003ac2e       mxGetLogicals              000000018003bc2e f   libmx:libmx.dll
 0001:0003ac34       mxIsSparse                 000000018003bc34 f   libmx:libmx.dll
 0001:0003ac3a       mxSetFieldByNumber_700     000000018003bc3a f   libmx:libmx.dll
 0001:0003ac40       mxGetFieldByNumber_700     000000018003bc40 f   libmx:libmx.dll
 0001:0003ac46       mxGetFieldNameByNumber     000000018003bc46 f   libmx:libmx.dll
 0001:0003ac4c       mxGetNumberOfFields        000000018003bc4c f   libmx:libmx.dll
 0001:0003ac52       mxCreateStructMatrix_700   000000018003bc52 f   libmx:libmx.dll
 0001:0003ac58       mxGetFieldNumber           000000018003bc58 f   libmx:libmx.dll
 0001:0003ac5e       mxIsNaN                    000000018003bc5e f   libmx:libmx.dll
 0001:0003ac64       mxIsEmpty                  000000018003bc64 f   libmx:libmx.dll
 0001:0003ac6a       mxGetData                  000000018003bc6a f   libmx:libmx.dll
 0001:0003ac70       mxGetImagData              000000018003bc70 f   libmx:libmx.dll
 0001:0003ac76       mxArrayClassIDName         000000018003bc76 f   libmx:libmx.dll
 0001:0003ac7c       mxCreateNumericMatrix_700  000000018003bc7c f   libmx:libmx.dll
 0001:0003ac82       mxCreateStructArray_700    000000018003bc82 f   libmx:libmx.dll
 0001:0003ac88       mxCalcSingleSubscript_700  000000018003bc88 f   libmx:libmx.dll
 0001:0003ac8e       mxGetDimensions_700        000000018003bc8e f   libmx:libmx.dll
 0001:0003ac94       mxGetNumberOfDimensions_700 000000018003bc94 f   libmx:libmx.dll
 0001:0003ac9a       mxCreateNumericArray_700   000000018003bc9a f   libmx:libmx.dll
 0001:0003aca0       mxGetElementSize           000000018003bca0 f   libmx:libmx.dll
 0001:0003aca6       mxCreateStringFromNChars_700 000000018003bca6 f   libmx:libmx.dll
 0001:0003acac       mxGetString_700            000000018003bcac f   libmx:libmx.dll
 0001:0003acb2       mxIsLogicalScalarTrue      000000018003bcb2 f   libmx:libmx.dll
 0001:0003acb8       mxCreateLogicalScalar      000000018003bcb8 f   libmx:libmx.dll
 0001:0003acbe       mexUnlock                  000000018003bcbe f   libmex:libmex.dll
 0001:0003acc4       mexIsLocked                000000018003bcc4 f   libmex:libmex.dll
 0001:0003acca       mexWarnMsgTxt              000000018003bcca f   libmex:libmex.dll
 0001:0003acd0       mexCallMATLAB              000000018003bcd0 f   libmex:libmex.dll
 0001:0003acd6       mexErrMsgTxt               000000018003bcd6 f   libmex:libmex.dll
 0001:0003acdc       mexSetTrapFlag             000000018003bcdc f   libmex:libmex.dll
 0001:0003ace2       mexMakeArrayPersistent     000000018003bce2 f   libmex:libmex.dll
 0001:0003ace8       mexPutVariable             000000018003bce8 f   libmex:libmex.dll
 0001:0003acee       mexGetVariable             000000018003bcee f   libmex:libmex.dll
 0001:0003acf4       mexLock                    000000018003bcf4 f   libmex:libmex.dll
 0001:0003acfa       mexMakeMemoryPersistent    000000018003bcfa f   libmex:libmex.dll
 0001:0003ad00       mexFunctionName            000000018003bd00 f   libmex:libmex.dll
 0001:0003ad06       ssRegisterDataTypeFxpFSlopeFixExpBias 000000018003bd06 f   libfixedpoint:libfixedpoint.dll
 0001:0003ad0c       utVSNprintf                000000018003bd0c f   libut:libut.dll
 0001:0003ad12       utCPUtime                  000000018003bd12 f   libut:libut.dll
 0001:0003ad18       utFree                     000000018003bd18 f   libut:libut.dll
 0001:0003ad1e       utMalloc                   000000018003bd1e f   libut:libut.dll
 0001:0003ad24       muDoubleScalarPower        000000018003bd24 f   libmwmathutil:libmwmathutil.dll
 0001:0003ad2a       muDoubleScalarFloor        000000018003bd2a f   libmwmathutil:libmwmathutil.dll
 0001:0003ad30       emlrtCheckBuiltInCtxR2011a 000000018003bd30 f   libemlrt:libemlrt.dll
 0001:0003ad36       emlrtCheckVsBuiltInCtxR2011a 000000018003bd36 f   libemlrt:libemlrt.dll
 0001:0003ad3c       emlrtCheckEnumR2009a       000000018003bd3c f   libemlrt:libemlrt.dll
 0001:0003ad42       emlrtCreateEnumR2010a      000000018003bd42 f   libemlrt:libemlrt.dll
 0001:0003ad48       emlrtGetEnumElementR2009a  000000018003bd48 f   libemlrt:libemlrt.dll
 0001:0003ad4e       emlrtCreateReference       000000018003bd4e f   libemlrt:libemlrt.dll
 0001:0003ad54       emlrtImportVsFiArrayR2009b 000000018003bd54 f   libemlrt:libemlrt.dll
 0001:0003ad5a       emlrtExtractMessageId      000000018003bd5a f   libemlrt:libemlrt.dll
 0001:0003ad60       emlrtTranslateMessageIDtoLCPstring 000000018003bd60 f   libemlrt:libemlrt.dll
 0001:0003ad66       emlrtGetEnumUnderlyingArrayR2009a 000000018003bd66 f   libemlrt:libemlrt.dll
 0001:0003ad6c       emlrtIsEnumR2009a          000000018003bd6c f   libemlrt:libemlrt.dll
 0001:0003ad74       __GSHandlerCheckCommon     000000018003bd74 f   MSVCRT:gshandler.obj
 0001:0003add8       __GSHandlerCheck           000000018003bdd8 f   MSVCRT:gshandler.obj
 0001:0003adf6       strlen                     000000018003bdf6 f   MSVCRT:MSVCR100.dll
 0001:0003ae10       __security_check_cookie    000000018003be10 f   MSVCRT:amdsecgs.obj
 0001:0003ae30       memset                     000000018003be30 f   MSVCRT:MSVCR100.dll
 0001:0003ae36       malloc                     000000018003be36 f   MSVCRT:MSVCR100.dll
 0001:0003ae50       _alloca_probe              000000018003be50     MSVCRT:chkstk.obj
 0001:0003ae50       __chkstk                   000000018003be50 f   MSVCRT:chkstk.obj
 0001:0003ae9e       free                       000000018003be9e f   MSVCRT:MSVCR100.dll
 0001:0003aea4       strcmp                     000000018003bea4 f   MSVCRT:MSVCR100.dll
 0001:0003aeaa       sprintf                    000000018003beaa f   MSVCRT:MSVCR100.dll
 0001:0003aeb0       strcat                     000000018003beb0 f   MSVCRT:MSVCR100.dll
 0001:0003aeb6       memcpy                     000000018003beb6 f   MSVCRT:MSVCR100.dll
 0001:0003aebc       NtCurrentTeb               000000018003bebc f i MSVCRT:crtdll.obj
 0001:0003af28       _CRT_INIT                  000000018003bf28 f   MSVCRT:crtdll.obj
 0001:0003b2c0       _DllMainCRTStartup         000000018003c2c0 f   MSVCRT:crtdll.obj
 0001:0003b2fe       strncpy                    000000018003c2fe f   MSVCRT:MSVCR100.dll
 0001:0003b304       longjmp                    000000018003c304 f   MSVCRT:MSVCR100.dll
 0001:0003b30a       strncmp                    000000018003c30a f   MSVCRT:MSVCR100.dll
 0001:0003b310       ceil                       000000018003c310 f   MSVCRT:MSVCR100.dll
 0001:0003b316       strrchr                    000000018003c316 f   MSVCRT:MSVCR100.dll
 0001:0003b31c       _setjmp                    000000018003c31c f   MSVCRT:MSVCR100.dll
 0001:0003b322       calloc                     000000018003c322 f   MSVCRT:MSVCR100.dll
 0001:0003b328       realloc                    000000018003c328 f   MSVCRT:MSVCR100.dll
 0001:0003b32e       ldexp                      000000018003c32e f   MSVCRT:MSVCR100.dll
 0001:0003b334       __report_gsfailure         000000018003c334 f   MSVCRT:gs_report.obj
 0001:0003b480       __clean_type_info_names    000000018003c480 f   MSVCRT:tncleanup.obj
 0001:0003b48c       _onexit                    000000018003c48c f   MSVCRT:atonexit.obj
 0001:0003b53c       atexit                     000000018003c53c f   MSVCRT:atonexit.obj
 0001:0003b554       _RTC_Initialize            000000018003c554 f   MSVCRT:_initsect_.obj
 0001:0003b58c       _RTC_Terminate             000000018003c58c f   MSVCRT:_initsect_.obj
 0001:0003b5c4       _malloc_crt                000000018003c5c4 f   MSVCRT:MSVCR100.dll
 0001:0003b5d0       _ValidateImageBase         000000018003c5d0 f   MSVCRT:pesect.obj
 0001:0003b600       _FindPESection             000000018003c600 f   MSVCRT:pesect.obj
 0001:0003b650       _IsNonwritableInCurrentImage 000000018003c650 f   MSVCRT:pesect.obj
 0001:0003b692       _initterm                  000000018003c692 f   MSVCRT:MSVCR100.dll
 0001:0003b698       _initterm_e                000000018003c698 f   MSVCRT:MSVCR100.dll
 0001:0003b69e       _encoded_null              000000018003c69e f   MSVCRT:MSVCR100.dll
 0001:0003b6a4       _amsg_exit                 000000018003c6a4 f   MSVCRT:MSVCR100.dll
 0001:0003b6aa       __C_specific_handler       000000018003c6aa f   MSVCRT:MSVCR100.dll
 0001:0003b6b0       __CppXcptFilter            000000018003c6b0 f   MSVCRT:MSVCR100.dll
 0001:0003b6b8       DllMain                    000000018003c6b8 f   MSVCRT:dllmain.obj
 0001:0003b6dc       __security_init_cookie     000000018003c6dc f   MSVCRT:gs_support.obj
 0001:0003b790       __crt_debugger_hook        000000018003c790 f   MSVCRT:MSVCR100.dll
 0001:0003b796       __clean_type_info_names_internal 000000018003c796 f   MSVCRT:MSVCR100.dll
 0001:0003b79c       _unlock                    000000018003c79c f   MSVCRT:MSVCR100.dll
 0001:0003b7a2       __dllonexit                000000018003c7a2 f   MSVCRT:MSVCR100.dll
 0001:0003b7a8       _lock                      000000018003c7a8 f   MSVCRT:MSVCR100.dll
 0001:0003b7ae       EncodePointer              000000018003c7ae f   kernel32:KERNEL32.dll
 0001:0003b7b4       DecodePointer              000000018003c7b4 f   kernel32:KERNEL32.dll
 0001:0003b7ba       Sleep                      000000018003c7ba f   kernel32:KERNEL32.dll
 0001:0003b7c0       TerminateProcess           000000018003c7c0 f   kernel32:KERNEL32.dll
 0001:0003b7c6       GetCurrentProcess          000000018003c7c6 f   kernel32:KERNEL32.dll
 0001:0003b7cc       UnhandledExceptionFilter   000000018003c7cc f   kernel32:KERNEL32.dll
 0001:0003b7d2       SetUnhandledExceptionFilter 000000018003c7d2 f   kernel32:KERNEL32.dll
 0001:0003b7d8       IsDebuggerPresent          000000018003c7d8 f   kernel32:KERNEL32.dll
 0001:0003b7de       RtlVirtualUnwind           000000018003c7de f   kernel32:KERNEL32.dll
 0001:0003b7e4       RtlLookupFunctionEntry     000000018003c7e4 f   kernel32:KERNEL32.dll
 0001:0003b7ea       RtlCaptureContext          000000018003c7ea f   kernel32:KERNEL32.dll
 0001:0003b7f0       DisableThreadLibraryCalls  000000018003c7f0 f   kernel32:KERNEL32.dll
 0001:0003b7f6       QueryPerformanceCounter    000000018003c7f6 f   kernel32:KERNEL32.dll
 0001:0003b7fc       GetTickCount               000000018003c7fc f   kernel32:KERNEL32.dll
 0001:0003b802       GetCurrentThreadId         000000018003c802 f   kernel32:KERNEL32.dll
 0001:0003b808       GetCurrentProcessId        000000018003c808 f   kernel32:KERNEL32.dll
 0001:0003b80e       GetSystemTimeAsFileTime    000000018003c80e f   kernel32:KERNEL32.dll
 0002:00000000       __imp_GetSystemTimeAsFileTime 000000018003d000     kernel32:KERNEL32.dll
 0002:00000008       __imp_GetCurrentProcessId  000000018003d008     kernel32:KERNEL32.dll
 0002:00000010       __imp_GetCurrentThreadId   000000018003d010     kernel32:KERNEL32.dll
 0002:00000018       __imp_GetTickCount         000000018003d018     kernel32:KERNEL32.dll
 0002:00000020       __imp_QueryPerformanceCounter 000000018003d020     kernel32:KERNEL32.dll
 0002:00000028       __imp_DisableThreadLibraryCalls 000000018003d028     kernel32:KERNEL32.dll
 0002:00000030       __imp_RtlCaptureContext    000000018003d030     kernel32:KERNEL32.dll
 0002:00000038       __imp_RtlLookupFunctionEntry 000000018003d038     kernel32:KERNEL32.dll
 0002:00000040       __imp_RtlVirtualUnwind     000000018003d040     kernel32:KERNEL32.dll
 0002:00000048       __imp_IsDebuggerPresent    000000018003d048     kernel32:KERNEL32.dll
 0002:00000050       __imp_SetUnhandledExceptionFilter 000000018003d050     kernel32:KERNEL32.dll
 0002:00000058       __imp_UnhandledExceptionFilter 000000018003d058     kernel32:KERNEL32.dll
 0002:00000060       __imp_GetCurrentProcess    000000018003d060     kernel32:KERNEL32.dll
 0002:00000068       __imp_TerminateProcess     000000018003d068     kernel32:KERNEL32.dll
 0002:00000070       __imp_Sleep                000000018003d070     kernel32:KERNEL32.dll
 0002:00000078       __imp_DecodePointer        000000018003d078     kernel32:KERNEL32.dll
 0002:00000080       __imp_EncodePointer        000000018003d080     kernel32:KERNEL32.dll
 0002:00000088       \177KERNEL32_NULL_THUNK_DATA 000000018003d088     kernel32:KERNEL32.dll
 0002:00000090       __imp__onexit              000000018003d090     MSVCRT:MSVCR100.dll
 0002:00000098       __imp__lock                000000018003d098     MSVCRT:MSVCR100.dll
 0002:000000a0       __imp___dllonexit          000000018003d0a0     MSVCRT:MSVCR100.dll
 0002:000000a8       __imp__unlock              000000018003d0a8     MSVCRT:MSVCR100.dll
 0002:000000b0       __imp___clean_type_info_names_internal 000000018003d0b0     MSVCRT:MSVCR100.dll
 0002:000000b8       __imp___crt_debugger_hook  000000018003d0b8     MSVCRT:MSVCR100.dll
 0002:000000c0       __imp___CppXcptFilter      000000018003d0c0     MSVCRT:MSVCR100.dll
 0002:000000c8       __imp___C_specific_handler 000000018003d0c8     MSVCRT:MSVCR100.dll
 0002:000000d0       __imp__amsg_exit           000000018003d0d0     MSVCRT:MSVCR100.dll
 0002:000000d8       __imp__encoded_null        000000018003d0d8     MSVCRT:MSVCR100.dll
 0002:000000e0       __imp__initterm_e          000000018003d0e0     MSVCRT:MSVCR100.dll
 0002:000000e8       __imp__initterm            000000018003d0e8     MSVCRT:MSVCR100.dll
 0002:000000f0       __imp__malloc_crt          000000018003d0f0     MSVCRT:MSVCR100.dll
 0002:000000f8       __imp_ldexp                000000018003d0f8     MSVCRT:MSVCR100.dll
 0002:00000100       __imp_realloc              000000018003d100     MSVCRT:MSVCR100.dll
 0002:00000108       __imp_calloc               000000018003d108     MSVCRT:MSVCR100.dll
 0002:00000110       __imp__setjmp              000000018003d110     MSVCRT:MSVCR100.dll
 0002:00000118       __imp_strrchr              000000018003d118     MSVCRT:MSVCR100.dll
 0002:00000120       __imp_ceil                 000000018003d120     MSVCRT:MSVCR100.dll
 0002:00000128       __imp_strncmp              000000018003d128     MSVCRT:MSVCR100.dll
 0002:00000130       __imp_longjmp              000000018003d130     MSVCRT:MSVCR100.dll
 0002:00000138       __imp_strncpy              000000018003d138     MSVCRT:MSVCR100.dll
 0002:00000140       __imp_memcpy               000000018003d140     MSVCRT:MSVCR100.dll
 0002:00000148       __imp_strcat               000000018003d148     MSVCRT:MSVCR100.dll
 0002:00000150       __imp_sprintf              000000018003d150     MSVCRT:MSVCR100.dll
 0002:00000158       __imp_strcmp               000000018003d158     MSVCRT:MSVCR100.dll
 0002:00000160       __imp_free                 000000018003d160     MSVCRT:MSVCR100.dll
 0002:00000168       __imp_malloc               000000018003d168     MSVCRT:MSVCR100.dll
 0002:00000170       __imp_memset               000000018003d170     MSVCRT:MSVCR100.dll
 0002:00000178       __imp_strlen               000000018003d178     MSVCRT:MSVCR100.dll
 0002:00000180       \177MSVCR100_NULL_THUNK_DATA 000000018003d180     MSVCRT:MSVCR100.dll
 0002:00000188       __imp_emlrtIsEnumR2009a    000000018003d188     libemlrt:libemlrt.dll
 0002:00000190       __imp_emlrtGetEnumUnderlyingArrayR2009a 000000018003d190     libemlrt:libemlrt.dll
 0002:00000198       __imp_emlrtTranslateMessageIDtoLCPstring 000000018003d198     libemlrt:libemlrt.dll
 0002:000001a0       __imp_emlrtExtractMessageId 000000018003d1a0     libemlrt:libemlrt.dll
 0002:000001a8       __imp_emlrtImportVsFiArrayR2009b 000000018003d1a8     libemlrt:libemlrt.dll
 0002:000001b0       __imp_emlrtCreateReference 000000018003d1b0     libemlrt:libemlrt.dll
 0002:000001b8       __imp_emlrtGetEnumElementR2009a 000000018003d1b8     libemlrt:libemlrt.dll
 0002:000001c0       __imp_emlrtCreateEnumR2010a 000000018003d1c0     libemlrt:libemlrt.dll
 0002:000001c8       __imp_emlrtCheckEnumR2009a 000000018003d1c8     libemlrt:libemlrt.dll
 0002:000001d0       __imp_emlrtCheckVsBuiltInCtxR2011a 000000018003d1d0     libemlrt:libemlrt.dll
 0002:000001d8       __imp_emlrtCheckBuiltInCtxR2011a 000000018003d1d8     libemlrt:libemlrt.dll
 0002:000001e0       \177libemlrt_NULL_THUNK_DATA 000000018003d1e0     libemlrt:libemlrt.dll
 0002:000001e8       __imp_ssRegisterDataTypeFxpFSlopeFixExpBias 000000018003d1e8     libfixedpoint:libfixedpoint.dll
 0002:000001f0       \177libfixedpoint_NULL_THUNK_DATA 000000018003d1f0     libfixedpoint:libfixedpoint.dll
 0002:000001f8       __imp_mexPutVariable       000000018003d1f8     libmex:libmex.dll
 0002:00000200       __imp_mexGetVariable       000000018003d200     libmex:libmex.dll
 0002:00000208       __imp_mexLock              000000018003d208     libmex:libmex.dll
 0002:00000210       __imp_mexMakeMemoryPersistent 000000018003d210     libmex:libmex.dll
 0002:00000218       __imp_mexFunctionName      000000018003d218     libmex:libmex.dll
 0002:00000220       __imp_mexMakeArrayPersistent 000000018003d220     libmex:libmex.dll
 0002:00000228       __imp_mexSetTrapFlag       000000018003d228     libmex:libmex.dll
 0002:00000230       __imp_mexIsLocked          000000018003d230     libmex:libmex.dll
 0002:00000238       __imp_mexWarnMsgTxt        000000018003d238     libmex:libmex.dll
 0002:00000240       __imp_mexUnlock            000000018003d240     libmex:libmex.dll
 0002:00000248       __imp_mexCallMATLAB        000000018003d248     libmex:libmex.dll
 0002:00000250       __imp_mexErrMsgTxt         000000018003d250     libmex:libmex.dll
 0002:00000258       \177libmex_NULL_THUNK_DATA 000000018003d258     libmex:libmex.dll
 0002:00000260       __imp_muDoubleScalarFloor  000000018003d260     libmwmathutil:libmwmathutil.dll
 0002:00000268       __imp_muDoubleScalarPower  000000018003d268     libmwmathutil:libmwmathutil.dll
 0002:00000270       \177libmwmathutil_NULL_THUNK_DATA 000000018003d270     libmwmathutil:libmwmathutil.dll
 0002:00000278       __imp_mxCreateStructMatrix_730 000000018003d278     libmx:libmx.dll
 0002:00000280       __imp_mxSetField_730       000000018003d280     libmx:libmx.dll
 0002:00000288       __imp_mxCreateDoubleScalar 000000018003d288     libmx:libmx.dll
 0002:00000290       __imp_mxCreateDoubleMatrix_730 000000018003d290     libmx:libmx.dll
 0002:00000298       __imp_mxDestroyArray       000000018003d298     libmx:libmx.dll
 0002:000002a0       __imp_mxCreateLogicalScalar 000000018003d2a0     libmx:libmx.dll
 0002:000002a8       __imp_mxIsLogicalScalarTrue 000000018003d2a8     libmx:libmx.dll
 0002:000002b0       __imp_mxGetString_700      000000018003d2b0     libmx:libmx.dll
 0002:000002b8       __imp_mxCreateStringFromNChars_700 000000018003d2b8     libmx:libmx.dll
 0002:000002c0       __imp_mxGetElementSize     000000018003d2c0     libmx:libmx.dll
 0002:000002c8       __imp_mxCreateNumericArray_700 000000018003d2c8     libmx:libmx.dll
 0002:000002d0       __imp_mxGetNumberOfDimensions_700 000000018003d2d0     libmx:libmx.dll
 0002:000002d8       __imp_mxGetDimensions_700  000000018003d2d8     libmx:libmx.dll
 0002:000002e0       __imp_mxCalcSingleSubscript_700 000000018003d2e0     libmx:libmx.dll
 0002:000002e8       __imp_mxCreateStructArray_700 000000018003d2e8     libmx:libmx.dll
 0002:000002f0       __imp_mxCreateNumericMatrix_700 000000018003d2f0     libmx:libmx.dll
 0002:000002f8       __imp_mxArrayClassIDName   000000018003d2f8     libmx:libmx.dll
 0002:00000300       __imp_mxGetImagData        000000018003d300     libmx:libmx.dll
 0002:00000308       __imp_mxGetData            000000018003d308     libmx:libmx.dll
 0002:00000310       __imp_mxIsEmpty            000000018003d310     libmx:libmx.dll
 0002:00000318       __imp_mxIsNaN              000000018003d318     libmx:libmx.dll
 0002:00000320       __imp_mxGetFieldNumber     000000018003d320     libmx:libmx.dll
 0002:00000328       __imp_mxCreateStructMatrix_700 000000018003d328     libmx:libmx.dll
 0002:00000330       __imp_mxGetNumberOfFields  000000018003d330     libmx:libmx.dll
 0002:00000338       __imp_mxGetFieldNameByNumber 000000018003d338     libmx:libmx.dll
 0002:00000340       __imp_mxGetFieldByNumber_700 000000018003d340     libmx:libmx.dll
 0002:00000348       __imp_mxSetFieldByNumber_700 000000018003d348     libmx:libmx.dll
 0002:00000350       __imp_mxIsSparse           000000018003d350     libmx:libmx.dll
 0002:00000358       __imp_mxGetLogicals        000000018003d358     libmx:libmx.dll
 0002:00000360       __imp_mxIsClass            000000018003d360     libmx:libmx.dll
 0002:00000368       __imp_mxIsStruct           000000018003d368     libmx:libmx.dll
 0002:00000370       __imp_mxGetNumberOfElements 000000018003d370     libmx:libmx.dll
 0002:00000378       __imp_mxGetField_700       000000018003d378     libmx:libmx.dll
 0002:00000380       __imp_mxAddField           000000018003d380     libmx:libmx.dll
 0002:00000388       __imp_mxSetField_700       000000018003d388     libmx:libmx.dll
 0002:00000390       __imp_mxGetClassName       000000018003d390     libmx:libmx.dll
 0002:00000398       __imp_mxGetCell_700        000000018003d398     libmx:libmx.dll
 0002:000003a0       __imp_mxSetCell_700        000000018003d3a0     libmx:libmx.dll
 0002:000003a8       __imp_mxCreateCellMatrix_700 000000018003d3a8     libmx:libmx.dll
 0002:000003b0       __imp_mxArrayToString      000000018003d3b0     libmx:libmx.dll
 0002:000003b8       __imp_mxFree               000000018003d3b8     libmx:libmx.dll
 0002:000003c0       __imp_mxCreateDoubleMatrix_700 000000018003d3c0     libmx:libmx.dll
[...]
 0001:00013dc0       ml_check_mx_array_for_single_castability 0000000180014dc0 f   sfc_mex:sfc_mex.obj
 0001:00013e60       ml_check_mx_array_for_logical_castability 0000000180014e60 f   sfc_mex:sfc_mex.obj
 0001:00013f00       ml_check_mx_array_for_int8_castability 0000000180014f00 f   sfc_mex:sfc_mex.obj
 0001:00013fb0       ml_check_mx_array_for_uint8_castability 0000000180014fb0 f   sfc_mex:sfc_mex.obj
 0001:00014010       ml_check_mx_array_for_int16_castability 0000000180015010 f   sfc_mex:sfc_mex.obj
 0001:00014070       ml_check_mx_array_for_uint16_castability 0000000180015070 f   sfc_mex:sfc_mex.obj
 0001:000140d0       ml_check_mx_array_for_int32_castability 00000001800150d0 f   sfc_mex:sfc_mex.obj
 0001:00014130       ml_check_mx_array_for_uint32_castability 0000000180015130 f   sfc_mex:sfc_mex.obj
 0001:00014190       ml_check_mx_array_for_castability 0000000180015190 f   sfc_mex:sfc_mex.obj
 0001:00014ac0       set_data_value             0000000180015ac0 f   sfc_mex:sfc_mex.obj
 0001:00014e30       get_data_value             0000000180015e30 f   sfc_mex:sfc_mex.obj
 0001:00014f40       get_next_element_address   0000000180015f40 f   sfc_mex:sfc_mex.obj
 0001:00015010       sf_normalize_index         0000000180016010 f   sfc_mex:sfc_mex.obj
 0001:000153a0       ml_array_index_bound_check 00000001800163a0 f   sfc_mex:sfc_mex.obj
 0001:00015ec0       mx_value                   0000000180016ec0 f   sfc_mex:sfc_mex.obj
 0001:00015f10       sf_create_numeric_array    0000000180016f10 f   sfc_mex:sfc_mex.obj
 0001:00015fb0       sf_mex_assign_to_mx_array  0000000180016fb0 f   sfc_mex:sfc_mex.obj
 0001:00016300       assign_from_mx_array       0000000180017300 f   sfc_mex:sfc_mex.obj
 0001:00016b30       sf_mex_import_v            0000000180017b30 f   sfc_mex:sfc_mex.obj
 0001:00017100       get_machine_and_chart_file_number 0000000180018100 f   sfc_mex:sfc_sf.obj
 0001:000171f0       get_sfun_block_specialization 00000001800181f0 f   sfc_mex:sfc_sf.obj
 0001:00017270       call_sf_machine_global_method_dispatcher 0000000180018270 f   sfc_mex:sfc_sf.obj
 0001:000174a0       mdl_zeroCrossings_processing 00000001800184a0 f   sfc_mex:sfc_sf.obj
 0001:00017570       mdl_derivatives_processing 0000000180018570 f   sfc_mex:sfc_sf.obj
 0001:00017830       mdl_outputs_continuous_legacy 0000000180018830 f   sfc_mex:sfc_sf.obj
 0001:000178b0       mdl_outputs_processing     00000001800188b0 f   sfc_mex:sfc_sf.obj
 0001:00017ae0       mdl_enable_processing      0000000180018ae0 f   sfc_mex:sfc_sf.obj
 0001:00017bb0       mdl_disable_processing     0000000180018bb0 f   sfc_mex:sfc_sf.obj
 0001:00018500       write_symbol_mapping       0000000180019500 f   sfc_mex:sfc_sf.obj
 0001:00018c20       sf_call_output_fcn_enable_disable 0000000180019c20 f   sfc_mex:sfc_sf.obj
 0001:00018ea0       set_dwork_information_from_mx_array 0000000180019ea0 f   sfc_mex:sfc_sf.obj
 0001:00019790       ptr2mxStruct               000000018001a790 f   sfc_mex:sfc_sf.obj
 0001:00019aa0       SNPRINTF_WRAPPER           000000018001aaa0 f   sfc_debug:sfcdebug.obj
 0001:00019ac0       sf_debug_chart_instance_initialized_quick 000000018001aac0 f   sfc_debug:sfcdebug.obj
 0001:00019ad0       sf_debug_chart_instance_initialized 000000018001aad0 f   sfc_debug:sfcdebug.obj
 0001:00019c70       sfrtAddSize                000000018001ac70 f   sfc_debug:sfcdebug.obj
 0001:00019d30       sfrtGenSizeString          000000018001ad30 f   sfc_debug:sfcdebug.obj
 0001:0001a440       sf_debug_sim_status_listener 000000018001b440 f   sfc_debug:sfcdebug.obj
 0001:0001a9b0       sf_debug_form_mask_bits    000000018001b9b0 f   sfc_debug:sfcdebug.obj
 0001:0001a9f0       sf_debug_form_sf_data_type_offsets 000000018001b9f0 f   sfc_debug:sfcdebug.obj
 0001:0001aab0       sf_debug_free_all          000000018001bab0 f   sfc_debug:sfcdebug.obj
 0001:0001ac30       sf_debug_append_debugger_context 000000018001bc30 f   sfc_debug:sfcdebug.obj
 0001:0001aef0       local_strdup               000000018001bef0 f   sfc_debug:sfcdebug.obj
 0001:0001bdd0       sf_debug_em_terminate      000000018001cdd0 f   sfc_debug:sfcdebug.obj
 0001:0001be10       sf_debug_push_eml_function 000000018001ce10 f   sfc_debug:sfcdebug.obj
 0001:0001beb0       sf_debug_pop_eml_function  000000018001ceb0 f   sfc_debug:sfcdebug.obj
 0001:0001cbb0       sf_debug_get_machine_number_from_id_or_name 000000018001dbb0 f   sfc_debug:sfcdebug.obj
 0001:0001cd00       sf_debug_get_chart_number_from_id 000000018001dd00 f   sfc_debug:sfcdebug.obj
 0001:0001d970       sf_debug_transfer_control_to_debugger_GUI 000000018001e970 f   sfc_debug:sfcdebug.obj
 0001:0001e910       sf_debug_scripts_rehash    000000018001f910 f   sfc_debug:sfcdebug.obj
 0001:0001eb50       sf_debug_get_script_line_count 000000018001fb50 f   sfc_debug:sfcdebug.obj
 0001:0001f260       cv_eml_state_cvId          0000000180020260 f   sfc_debug:sfcdebug.obj
 0001:00020480       sf_debug_data_array_bounds_error 0000000180021480 f   sfc_debug:sfcdebug.obj
 0001:000208b0       eml_debug_runtime_error_doclink 00000001800218b0 f   sfc_debug:sfcdebug.obj
 0001:00020a30       sf_debug_runtime_error     0000000180021a30 f   sfc_debug:sfcdebug.obj
 0001:00020aa0       sf_debug_matlab_error      0000000180021aa0 f   sfc_debug:sfcdebug.obj
 0001:00021350       sf_debug_data_value_error  0000000180022350 f   sfc_debug:sfcdebug.obj
 0001:00021c50       sf_debug_data_loss_error   0000000180022c50 f   sfc_debug:sfcdebug.obj
 0001:000228b0       call_cv_range_check        00000001800238b0 f   sfc_debug:sfcdebug.obj
 0001:00023080       sf_debug_invoke_cycle_detection_code 0000000180024080 f   sfc_debug:sfcdebug.obj
 0001:00023ef0       sf_reset_debug_info_struct 0000000180024ef0 f   sfc_debug:sfcdebug.obj
 0001:000247e0       cv_script_cvId             00000001800257e0 f   sfc_debug:sfcdebug.obj
 0001:000255d0       sfc_api_chart_visible      00000001800265d0 f   sfc_debug:sfc_api.obj
 0001:00025650       sfc_api_active_instance    0000000180026650 f   sfc_debug:sfc_api.obj
 0001:000256d0       sfc_api_machine_load       00000001800266d0 f   sfc_debug:sfc_api.obj
 0001:000257a0       sfc_api_debugger_alive     00000001800267a0 f   sfc_debug:sfc_api.obj
 0001:000257b0       sfc_api_go                 00000001800267b0 f   sfc_debug:sfc_api.obj
 0001:000257c0       sfc_api_step_over          00000001800267c0 f   sfc_debug:sfc_api.obj
 0001:000257d0       sfc_api_step_out           00000001800267d0 f   sfc_debug:sfc_api.obj
 0001:000257e0       sfc_api_resume             00000001800267e0 f   sfc_debug:sfc_api.obj
 0001:000257f0       sfc_api_break              00000001800267f0 f   sfc_debug:sfc_api.obj
 0001:00025800       sfc_api_stop_debugging     0000000180026800 f   sfc_debug:sfc_api.obj
 0001:00025850       sfc_api_is_cycle_detected  0000000180026850 f   sfc_debug:sfc_api.obj
 0001:000258a0       sfc_api_is_array_bounds_detected 00000001800268a0 f   sfc_debug:sfc_api.obj
 0001:000258f0       sfc_api_set_disable_all_breakpoints 00000001800268f0 f   sfc_debug:sfc_api.obj
 0001:00025960       sfc_api_disable_all_breakpoints_and_go 0000000180026960 f   sfc_debug:sfc_api.obj
 0001:00025970       sfc_api_close              0000000180026970 f   sfc_debug:sfc_api.obj
 0001:00025980       sfc_api_browse_data        0000000180026980 f   sfc_debug:sfc_api.obj
 0001:000259f0       sfc_api_watch_data         00000001800269f0 f   sfc_debug:sfc_api.obj
 0001:00025a90       sfc_api_assign_data        0000000180026a90 f   sfc_debug:sfc_api.obj
 0001:00025b30       sfc_api_whos               0000000180026b30 f   sfc_debug:sfc_api.obj
 0001:00025bc0       sfc_api_get_consistency_info 0000000180026bc0 f   sfc_debug:sfc_api.obj
 0001:00025bd0       sfc_api_browse_trace       0000000180026bd0 f   sfc_debug:sfc_api.obj
 0001:00025be0       sfc_api_break_on_chart_entry 0000000180026be0 f   sfc_debug:sfc_api.obj
 0001:00025c00       sfc_api_break_on_event_broadcast 0000000180026c00 f   sfc_debug:sfc_api.obj
 0001:00025c20       sfc_api_break_on_state_entry 0000000180026c20 f   sfc_debug:sfc_api.obj
 0001:00025c40       sfc_api_set_watch          0000000180026c40 f   sfc_debug:sfc_api.obj
 0001:00025ce0       sfc_api_set_breakpoints    0000000180026ce0 f   sfc_debug:sfc_api.obj
 0001:00025d80       sfc_api_set_eml_breakpoints 0000000180026d80 f   sfc_debug:sfc_api.obj
 0001:00025e00       sfc_api_set_script_breakpoints 0000000180026e00 f   sfc_debug:sfc_api.obj
 0001:00025e50       sfc_api_add_script_breakpoints 0000000180026e50 f   sfc_debug:sfc_api.obj
 0001:00025ea0       sfc_api_clear_script_breakpoints 0000000180026ea0 f   sfc_debug:sfc_api.obj
 0001:00025ef0       sfc_api_query_script_breakpoints 0000000180026ef0 f   sfc_debug:sfc_api.obj
 0001:00025f50       sfc_api_get_script_id      0000000180026f50 f   sfc_debug:sfc_api.obj
 0001:00026010       sfc_api_get_active_states  0000000180027010 f   sfc_debug:sfc_api.obj
 0001:00026090       sfc_api_break_between_times 0000000180027090 f   sfc_debug:sfc_api.obj
 0001:000260f0       sfc_api_get_instance_handle 00000001800270f0 f   sfc_debug:sfc_api.obj
 0001:000261a0       sfc_api_get_coverage       00000001800271a0 f   sfc_debug:sfc_api.obj
 0001:00026220       sfc_api_set_animation      0000000180027220 f   sfc_debug:sfc_api.obj
 0001:00026270       sfc_api_select_chart       0000000180027270 f   sfc_debug:sfc_api.obj
 0001:000262d0       sfc_api_select_charts      00000001800272d0 f   sfc_debug:sfc_api.obj
 0001:00026300       sfc_api_cycle_detection_check 0000000180027300 f   sfc_debug:sfc_api.obj
 0001:00026350       sfc_api_data_range_check   0000000180027350 f   sfc_debug:sfc_api.obj
 0001:000263a0       sfc_api_transition_conflict_check 00000001800273a0 f   sfc_debug:sfc_api.obj
 0001:000263f0       sfc_api_state_consistency_check 00000001800273f0 f   sfc_debug:sfc_api.obj
 0001:00026440       sfc_api_set_instance_cv_ids 0000000180027440 f   sfc_debug:sfc_api.obj
 0001:00026550       sfc_api_set_script_cv_ids  0000000180027550 f   sfc_debug:sfc_api.obj
 0001:000265f0       sfc_api_get_current_machine_id 00000001800275f0 f   sfc_debug:sfc_api.obj
 0001:00026620       sfc_api_get_current_machine_number 0000000180027620 f   sfc_debug:sfc_api.obj
 0001:00026650       sfc_api_get_current_chart_number 0000000180027650 f   sfc_debug:sfc_api.obj
 0001:00026680       sfc_api_get_current_instance_number 0000000180027680 f   sfc_debug:sfc_api.obj
 0001:000266b0       sfc_api_get_current_instance_handle 00000001800276b0 f   sfc_debug:sfc_api.obj
 0001:000266d0       sfc_api_get_current_is_minor_time_step 00000001800276d0 f   sfc_debug:sfc_api.obj
 0001:00026700       sfc_api_get_current_machine_name 0000000180027700 f   sfc_debug:sfc_api.obj
 0001:00026720       sfc_api_get_current_chart_id 0000000180027720 f   sfc_debug:sfc_api.obj
 0001:00026750       sfc_api_get_current_object_type 0000000180027750 f   sfc_debug:sfc_api.obj
 0001:00026780       sfc_api_get_current_event_type 0000000180027780 f   sfc_debug:sfc_api.obj
 0001:000267b0       sfc_api_get_current_object_id 00000001800277b0 f   sfc_debug:sfc_api.obj
 0001:000267e0       sfc_get_current_active_event_type 00000001800277e0 f   sfc_debug:sfc_api.obj
 0001:00026810       sfc_api_get_current_active_event_id 0000000180027810 f   sfc_debug:sfc_api.obj
 0001:00026840       sfc_api_get_current_simulation_time 0000000180027840 f   sfc_debug:sfc_api.obj
 0001:00026860       sfc_get_current_tag_type   0000000180027860 f   sfc_debug:sfc_api.obj
 0001:00026890       sfc_get_current_coverage_percentage 0000000180027890 f   sfc_debug:sfc_api.obj
 0001:000268b0       sfc_get_current_statement_context 00000001800278b0 f   sfc_debug:sfc_api.obj
 0001:000268d0       sfc_get_current_optional_integer 00000001800278d0 f   sfc_debug:sfc_api.obj
 0001:00026900       sfc_get_current_statement_info 0000000180027900 f   sfc_debug:sfc_api.obj
 0001:000269a0       sfc_api_get                00000001800279a0 f   sfc_debug:sfc_api.obj
 0001:00026b00       sf_debug_sm_is_using_unified_editors 0000000180027b00 f   sfc_debug:sfdb_animation.obj
 0001:00026ba0       sf_debug_sm_is_chart_visible_in_unified_editors 0000000180027ba0 f   sfc_debug:sfdb_animation.obj
 0001:00026c60       sf_debug_sm_check_if_chart_is_visible 0000000180027c60 f   sfc_debug:sfdb_animation.obj
 0001:00027760       sf_debug_sm_fill_state_activity_data 0000000180028760 f   sfc_debug:sfdb_animation.obj
 0001:00029d50       sf_debug_hm_get_simulink_handle 000000018002ad50 f   sfc_debug:sfdb_handle_management.obj
 0001:0002a8a0       sf_debug_hm_initialize_globals 000000018002b8a0 f   sfc_debug:sfdb_handle_management.obj
 0001:0002a9a0       sf_debug_hm_get_machine_debug_flag 000000018002b9a0 f   sfc_debug:sfdb_handle_management.obj
 0001:0002ab10       sf_debug_hm_get_machine_id 000000018002bb10 f   sfc_debug:sfdb_handle_management.obj
 0001:0002ac30       sf_debug_hm_get_chart_id   000000018002bc30 f   sfc_debug:sfdb_handle_management.obj
 0001:0002add0       sf_debug_hm_register_executing_SFunction 000000018002bdd0 f   sfc_debug:sfdb_handle_management.obj
 0001:0002af70       sf_debug_hm_get_chart_active_instance 000000018002bf70 f   sfc_debug:sfdb_handle_management.obj
 0001:0002b0e0       sf_debug_hm_get_chart_visibility 000000018002c0e0 f   sfc_debug:sfdb_handle_management.obj
 0001:0002b230       sf_debug_hm_form_object_boolean_properties 000000018002c230 f   sfc_debug:sfdb_handle_management.obj
 0001:0002b500       sf_debug_hm_form_object_properties 000000018002c500 f   sfc_debug:sfdb_handle_management.obj
 0001:0002b740       sf_debug_hm_terminate_charts 000000018002c740 f   sfc_debug:sfdb_handle_management.obj
 0001:0002beb0       sf_debug_hm_terminate_machines 000000018002ceb0 f   sfc_debug:sfdb_handle_management.obj
 0001:0002d7d0       void_ptr_stack_vector_free_total 000000018002e7d0 f   sfc_debug:sfdb_data_browse.obj
 0001:0002d860       sf_debug_st_terminate_machine 000000018002e860 f   sfc_debug:sfdb_data_browse.obj
 0001:0002d8a0       sf_debug_st_terminate_instance 000000018002e8a0 f   sfc_debug:sfdb_data_browse.obj
 0001:0002dc50       push_on_to_void_ptr_stack  000000018002ec50 f   sfc_debug:sfdb_data_browse.obj
 0001:0002dde0       pop_from_void_ptr_stack    000000018002ede0 f   sfc_debug:sfdb_data_browse.obj
 0001:0002df10       sf_debug_st_get_data_value 000000018002ef10 f   sfc_debug:sfdb_data_browse.obj
 0001:0002e4a0       mx_value                   000000018002f4a0 f   sfc_debug:sfdb_data_browse.obj
 0001:0002e4e0       sf_debug_st_fill_data_struct 000000018002f4e0 f   sfc_debug:sfdb_data_browse.obj
 0001:0002e820       data_type_format_strings   000000018002f820 f   sfc_debug:sfdb_data_browse.obj
 0001:0002e8d0       sf_debug_st_fill_data      000000018002f8d0 f   sfc_debug:sfdb_data_browse.obj
 0001:0002fb10       sf_debug_ss_copy_dimension 0000000180030b10 f   sfc_debug:sfdb_symbol_scope.obj
 0001:0002fbd0       sf_debug_ss_get_number_elements 0000000180030bd0 f   sfc_debug:sfdb_symbol_scope.obj
 0001:0002fbf0       sf_debug_ss_fill_data_struct 0000000180030bf0 f   sfc_debug:sfdb_symbol_scope.obj
 0001:0002ff40       sf_debug_ss_reset_data_info 0000000180030f40 f   sfc_debug:sfdb_symbol_scope.obj
 0001:0002ffa0       sf_debug_fill_data_info_by_symbol_scope_entry 0000000180030fa0 f   sfc_debug:sfdb_symbol_scope.obj
 0001:00030060       sf_debug_fill_data_info_by_data_vector 0000000180031060 f   sfc_debug:sfdb_symbol_scope.obj
 0001:000302b0       sf_debug_ss_get_data_info  00000001800312b0 f   sfc_debug:sfdb_symbol_scope.obj
 0001:000305a0       sf_debug_select_mex_function 00000001800315a0 f   sfc_debug:sfdb_symbol_scope.obj
 0001:000305d0       sf_debug_is_dyn_matrix_initialized 00000001800315d0 f   sfc_debug:sfdb_symbol_scope.obj
 0001:000305f0       sf_debug_ss_set_data_value_try 00000001800315f0 f   sfc_debug:sfdb_symbol_scope.obj
 0001:000307c0       sf_debug_ss_get_data_value 00000001800317c0 f   sfc_debug:sfdb_symbol_scope.obj
 0001:00030d10       sf_debug_ss_data_bytes_string 0000000180031d10 f   sfc_debug:sfdb_symbol_scope.obj
 0001:00030dc0       sf_debug_ss_data_class_string 0000000180031dc0 f   sfc_debug:sfdb_symbol_scope.obj
 0001:00031150       sf_debug_ss_data_size_string 0000000180032150 f   sfc_debug:sfdb_symbol_scope.obj
 0001:00031230       sf_debug_ss_data_create_data_info_struct 0000000180032230 f   sfc_debug:sfdb_symbol_scope.obj
 0001:00031500       sf_debug_ss_data_create_name_value_pair 0000000180032500 f   sfc_debug:sfdb_symbol_scope.obj
 0001:000315a0       sf_debug_ss_data_get_whos_info 00000001800325a0 f   sfc_debug:sfdb_symbol_scope.obj
 0001:000315b0       same_named_data_in_data_array 00000001800325b0 f   sfc_debug:sfdb_symbol_scope.obj
 0001:00032e20       sf_debug_cc_terminate_chart 0000000180033e20 f   sfc_debug:sfdb_coverage.obj
 0001:000331c0       sf_debug_cc_terminate_instance 00000001800341c0 f   sfc_debug:sfdb_coverage.obj
 0001:00033db0       sf_debug_cc_mark_object_if_needed 0000000180034db0 f   sfc_debug:sfdb_coverage.obj
 0001:00034170       sf_debug_cc_fill_transition_coverage_data 0000000180035170 f   sfc_debug:sfdb_coverage.obj
 0001:00034300       sf_debug_cc_fill_transition_coverage_map 0000000180035300 f   sfc_debug:sfdb_coverage.obj
 0001:000345b0       sf_debug_cc_fill_state_coverage_map 00000001800355b0 f   sfc_debug:sfdb_coverage.obj
 0001:00034800       sf_debug_cc_fill_state_coverage_data 0000000180035800 f   sfc_debug:sfdb_coverage.obj
 0001:00035440       sf_debug_bm_initialize_eml 0000000180036440 f   sfc_debug:sfdb_breakpoints.obj
 0001:000365b0       sf_debug_bm_map_debug_tag_to_breakpoint_tag 00000001800375b0 f   sfc_debug:sfdb_breakpoints.obj
 0001:00036690       sf_debug_bm_is_a_eml_breakpoint_impl 0000000180037690 f   sfc_debug:sfdb_breakpoints.obj
 0001:00038110       sf_debug_sc_push_on_error_stack 0000000180039110 f   sfc_debug:sfdb_state_consistency.obj
 0001:00038240       sf_debug_sc_reset_error_stack 0000000180039240 f   sfc_debug:sfdb_state_consistency.obj
 0001:000383d0       sf_debug_sc_is_state_inconsistent 00000001800393d0 f   sfc_debug:sfdb_state_consistency.obj
 0001:000386d0       sf_debug_sc_fill_consistency_info 00000001800396d0 f   sfc_debug:sfdb_state_consistency.obj
 0001:00038cb0       void_assertion_fcn         0000000180039cb0 f   sfc_debug:sfdb_call_stack.obj
 0001:00039230       sf_debug_tm_fill_local_trace 000000018003a230 f   sfc_debug:sfdb_call_stack.obj
 0001:00039800       sf_debug_cd_terminate_instance 000000018003a800 f   sfc_debug:sfdb_cycle_detection.obj
 0001:00039860       sf_debug_cd_free_checksum_stack 000000018003a860 f   sfc_debug:sfdb_cycle_detection.obj
 0001:000398b0       sf_debug_cd_reset_pack_strings 000000018003a8b0 f   sfc_debug:sfdb_cycle_detection.obj
 0001:00039f70       md5file_clear              000000018003af70 f   sfc_debug:ckmd5.obj
 0001:00039fa0       Encode                     000000018003afa0 f   sfc_debug:ckmd5.obj
 0001:00039ff0       Decode                     000000018003aff0 f   sfc_debug:ckmd5.obj
 0001:0003a090       MD5Transform               000000018003b090 f   sfc_debug:ckmd5.obj
 0001:0003a8e0       md5file_addn               000000018003b8e0 f   sfc_debug:ckmd5.obj
 0001:0003a9b0       md5file_hash               000000018003b9b0 f   sfc_debug:ckmd5.obj
 0001:0003aec8       pre_c_init                 000000018003bec8 f   MSVCRT:crtdll.obj
 0001:0003b184       __DllMainCRTStartup        000000018003c184 f   MSVCRT:crtdll.obj
 0001:0003b820       __DllMainCRTStartup$filt$0 000000018003c820 f   MSVCRT:crtdll.obj
 0001:0003b850       __DllMainCRTStartup$fin$1  000000018003c850 f   MSVCRT:crtdll.obj
 0001:0003b86a       _onexit$fin$0              000000018003c86a f   MSVCRT:atonexit.obj
 0001:0003b890       _IsNonwritableInCurrentImage$filt$0 000000018003c890 f   MSVCRT:pesect.obj
